Archive member included to satisfy reference by file (symbol)

c:/program files (x86)/atmel/studio/7.0/toolchain/avr8/avr8-gnu-toolchain/bin/../lib/gcc/avr/5.4.0/avrxmega6\libgcc.a(_mulsi3.o)
                              main.o (__mulsi3)
c:/program files (x86)/atmel/studio/7.0/toolchain/avr8/avr8-gnu-toolchain/bin/../lib/gcc/avr/5.4.0/avrxmega6\libgcc.a(_udivmodsi4.o)
                              main.o (__udivmodsi4)
c:/program files (x86)/atmel/studio/7.0/toolchain/avr8/avr8-gnu-toolchain/bin/../lib/gcc/avr/5.4.0/avrxmega6\libgcc.a(_exit.o)
                              C:/Program Files (x86)/Atmel/Studio/7.0/Packs/atmel/XMEGAA_DFP/1.1.68/gcc/dev/atxmega256a3u/avrxmega6/crtatxmega256a3u.o (exit)
c:/program files (x86)/atmel/studio/7.0/toolchain/avr8/avr8-gnu-toolchain/bin/../lib/gcc/avr/5.4.0/avrxmega6\libgcc.a(_copy_data.o)
                              main.o (__do_copy_data)
c:/program files (x86)/atmel/studio/7.0/toolchain/avr8/avr8-gnu-toolchain/bin/../lib/gcc/avr/5.4.0/avrxmega6\libgcc.a(_clear_bss.o)
                              main.o (__do_clear_bss)
c:/program files (x86)/atmel/studio/7.0/toolchain/avr8/avr8-gnu-toolchain/bin/../lib/gcc/avr/5.4.0/avrxmega6\libgcc.a(_umulhisi3.o)
                              main.o (__umulhisi3)
c:/program files (x86)/atmel/studio/7.0/toolchain/avr8/avr8-gnu-toolchain/bin/../lib/gcc/avr/5.4.0/avrxmega6\libgcc.a(_muluhisi3.o)
                              c:/program files (x86)/atmel/studio/7.0/toolchain/avr8/avr8-gnu-toolchain/bin/../lib/gcc/avr/5.4.0/avrxmega6\libgcc.a(_mulsi3.o) (__muluhisi3)
c:/program files (x86)/atmel/studio/7.0/toolchain/avr8/avr8-gnu-toolchain/bin/../lib/gcc/avr/5.4.0/../../../../avr/lib/avrxmega6\libc.a(memcpy.o)
                              nrf24L01.o (memcpy)

Allocating common symbols
Common symbol       size              file

buffer              0x1fe             main.o
potArray            0x14              main.o

Discarded input sections

 .data          0x00000000        0x0 C:/Program Files (x86)/Atmel/Studio/7.0/Packs/atmel/XMEGAA_DFP/1.1.68/gcc/dev/atxmega256a3u/avrxmega6/crtatxmega256a3u.o
 .bss           0x00000000        0x0 C:/Program Files (x86)/Atmel/Studio/7.0/Packs/atmel/XMEGAA_DFP/1.1.68/gcc/dev/atxmega256a3u/avrxmega6/crtatxmega256a3u.o
 .text          0x00000000        0x0 main.o
 .data          0x00000000        0x0 main.o
 .bss           0x00000000        0x0 main.o
 .text.lamp_on  0x00000000        0xe main.o
 .text.lamp_off
                0x00000000        0xa main.o
 .text.map      0x00000000       0x82 main.o
 .text          0x00000000        0x0 nrf24L01.o
 .data          0x00000000        0x0 nrf24L01.o
 .bss           0x00000000        0x0 nrf24L01.o
 .text.nrfReadRegisterMulti
                0x00000000       0x5c nrf24L01.o
 .text.nrfWritePayload
                0x00000000       0xa6 nrf24L01.o
 .text.nrfWriteAckPayload
                0x00000000       0x5e nrf24L01.o
 .text.nrfStopListening
                0x00000000       0x10 nrf24L01.o
 .text.nrfStartWrite
                0x00000000       0x6e nrf24L01.o
 .text.nrfPowerDown
                0x00000000       0x12 nrf24L01.o
 .text.nrfPowerUp
                0x00000000       0x12 nrf24L01.o
 .text.nrfOpen64WritingPipe
                0x00000000       0x62 nrf24L01.o
 .text.nrfOpen64ReadingPipe
                0x00000000       0xc6 nrf24L01.o
 .text.nrfOpenWritingPipe
                0x00000000       0x3c nrf24L01.o
 .text.nrfEnableAckPayload
                0x00000000       0x46 nrf24L01.o
 .text.nrfGetPayloadSize
                0x00000000        0x6 nrf24L01.o
 .text.nrfGetStatus
                0x00000000       0x1e nrf24L01.o
 .text.nrfAvailable
                0x00000000       0x4a nrf24L01.o
 .text.nrfGetChannel
                0x00000000        0x8 nrf24L01.o
 .text.nrfSetPayloadSize
                0x00000000       0x12 nrf24L01.o
 .text.nrfIsPVariant
                0x00000000        0x6 nrf24L01.o
 .text.nrfSetAutoAckPipe
                0x00000000       0x46 nrf24L01.o
 .text.nrfTestCarrier
                0x00000000        0xa nrf24L01.o
 .text.nrfTestRPD
                0x00000000        0xa nrf24L01.o
 .text.nrfGetPALevel
                0x00000000        0xa nrf24L01.o
 .text.nrfGetDataRate
                0x00000000        0xa nrf24L01.o
 .text.nrfGetCRCLength
                0x00000000        0xa nrf24L01.o
 .text.nrfDisableCRC
                0x00000000       0x12 nrf24L01.o
 .text.nrfGetMaxTimeout
                0x00000000       0x36 nrf24L01.o
 .text.nrfWaitForAck
                0x00000000       0x62 nrf24L01.o
 .text.nrfWrite
                0x00000000        0xc nrf24L01.o
 .text.nrfVerifySPIConnection
                0x00000000       0x3e nrf24L01.o
 .text          0x00000000        0x0 nrf24spiXM2.o
 .data          0x00000000        0x0 nrf24spiXM2.o
 .bss           0x00000000        0x0 nrf24spiXM2.o
 .text          0x00000000        0x0 c:/program files (x86)/atmel/studio/7.0/toolchain/avr8/avr8-gnu-toolchain/bin/../lib/gcc/avr/5.4.0/avrxmega6\libgcc.a(_mulsi3.o)
 .data          0x00000000        0x0 c:/program files (x86)/atmel/studio/7.0/toolchain/avr8/avr8-gnu-toolchain/bin/../lib/gcc/avr/5.4.0/avrxmega6\libgcc.a(_mulsi3.o)
 .bss           0x00000000        0x0 c:/program files (x86)/atmel/studio/7.0/toolchain/avr8/avr8-gnu-toolchain/bin/../lib/gcc/avr/5.4.0/avrxmega6\libgcc.a(_mulsi3.o)
 .text.libgcc.mul
                0x00000000       0x20 c:/program files (x86)/atmel/studio/7.0/toolchain/avr8/avr8-gnu-toolchain/bin/../lib/gcc/avr/5.4.0/avrxmega6\libgcc.a(_mulsi3.o)
 .text.libgcc.div
                0x00000000        0x0 c:/program files (x86)/atmel/studio/7.0/toolchain/avr8/avr8-gnu-toolchain/bin/../lib/gcc/avr/5.4.0/avrxmega6\libgcc.a(_mulsi3.o)
 .text.libgcc   0x00000000        0x0 c:/program files (x86)/atmel/studio/7.0/toolchain/avr8/avr8-gnu-toolchain/bin/../lib/gcc/avr/5.4.0/avrxmega6\libgcc.a(_mulsi3.o)
 .text.libgcc.prologue
                0x00000000        0x0 c:/program files (x86)/atmel/studio/7.0/toolchain/avr8/avr8-gnu-toolchain/bin/../lib/gcc/avr/5.4.0/avrxmega6\libgcc.a(_mulsi3.o)
 .text.libgcc.builtins
                0x00000000        0x0 c:/program files (x86)/atmel/studio/7.0/toolchain/avr8/avr8-gnu-toolchain/bin/../lib/gcc/avr/5.4.0/avrxmega6\libgcc.a(_mulsi3.o)
 .text.libgcc.fmul
                0x00000000        0x0 c:/program files (x86)/atmel/studio/7.0/toolchain/avr8/avr8-gnu-toolchain/bin/../lib/gcc/avr/5.4.0/avrxmega6\libgcc.a(_mulsi3.o)
 .text.libgcc.fixed
                0x00000000        0x0 c:/program files (x86)/atmel/studio/7.0/toolchain/avr8/avr8-gnu-toolchain/bin/../lib/gcc/avr/5.4.0/avrxmega6\libgcc.a(_mulsi3.o)
 .text          0x00000000        0x0 c:/program files (x86)/atmel/studio/7.0/toolchain/avr8/avr8-gnu-toolchain/bin/../lib/gcc/avr/5.4.0/avrxmega6\libgcc.a(_udivmodsi4.o)
 .data          0x00000000        0x0 c:/program files (x86)/atmel/studio/7.0/toolchain/avr8/avr8-gnu-toolchain/bin/../lib/gcc/avr/5.4.0/avrxmega6\libgcc.a(_udivmodsi4.o)
 .bss           0x00000000        0x0 c:/program files (x86)/atmel/studio/7.0/toolchain/avr8/avr8-gnu-toolchain/bin/../lib/gcc/avr/5.4.0/avrxmega6\libgcc.a(_udivmodsi4.o)
 .text.libgcc.mul
                0x00000000        0x0 c:/program files (x86)/atmel/studio/7.0/toolchain/avr8/avr8-gnu-toolchain/bin/../lib/gcc/avr/5.4.0/avrxmega6\libgcc.a(_udivmodsi4.o)
 .text.libgcc   0x00000000        0x0 c:/program files (x86)/atmel/studio/7.0/toolchain/avr8/avr8-gnu-toolchain/bin/../lib/gcc/avr/5.4.0/avrxmega6\libgcc.a(_udivmodsi4.o)
 .text.libgcc.prologue
                0x00000000        0x0 c:/program files (x86)/atmel/studio/7.0/toolchain/avr8/avr8-gnu-toolchain/bin/../lib/gcc/avr/5.4.0/avrxmega6\libgcc.a(_udivmodsi4.o)
 .text.libgcc.builtins
                0x00000000        0x0 c:/program files (x86)/atmel/studio/7.0/toolchain/avr8/avr8-gnu-toolchain/bin/../lib/gcc/avr/5.4.0/avrxmega6\libgcc.a(_udivmodsi4.o)
 .text.libgcc.fmul
                0x00000000        0x0 c:/program files (x86)/atmel/studio/7.0/toolchain/avr8/avr8-gnu-toolchain/bin/../lib/gcc/avr/5.4.0/avrxmega6\libgcc.a(_udivmodsi4.o)
 .text.libgcc.fixed
                0x00000000        0x0 c:/program files (x86)/atmel/studio/7.0/toolchain/avr8/avr8-gnu-toolchain/bin/../lib/gcc/avr/5.4.0/avrxmega6\libgcc.a(_udivmodsi4.o)
 .text          0x00000000        0x0 c:/program files (x86)/atmel/studio/7.0/toolchain/avr8/avr8-gnu-toolchain/bin/../lib/gcc/avr/5.4.0/avrxmega6\libgcc.a(_exit.o)
 .data          0x00000000        0x0 c:/program files (x86)/atmel/studio/7.0/toolchain/avr8/avr8-gnu-toolchain/bin/../lib/gcc/avr/5.4.0/avrxmega6\libgcc.a(_exit.o)
 .bss           0x00000000        0x0 c:/program files (x86)/atmel/studio/7.0/toolchain/avr8/avr8-gnu-toolchain/bin/../lib/gcc/avr/5.4.0/avrxmega6\libgcc.a(_exit.o)
 .text.libgcc.mul
                0x00000000        0x0 c:/program files (x86)/atmel/studio/7.0/toolchain/avr8/avr8-gnu-toolchain/bin/../lib/gcc/avr/5.4.0/avrxmega6\libgcc.a(_exit.o)
 .text.libgcc.div
                0x00000000        0x0 c:/program files (x86)/atmel/studio/7.0/toolchain/avr8/avr8-gnu-toolchain/bin/../lib/gcc/avr/5.4.0/avrxmega6\libgcc.a(_exit.o)
 .text.libgcc   0x00000000        0x0 c:/program files (x86)/atmel/studio/7.0/toolchain/avr8/avr8-gnu-toolchain/bin/../lib/gcc/avr/5.4.0/avrxmega6\libgcc.a(_exit.o)
 .text.libgcc.prologue
                0x00000000        0x0 c:/program files (x86)/atmel/studio/7.0/toolchain/avr8/avr8-gnu-toolchain/bin/../lib/gcc/avr/5.4.0/avrxmega6\libgcc.a(_exit.o)
 .text.libgcc.builtins
                0x00000000        0x0 c:/program files (x86)/atmel/studio/7.0/toolchain/avr8/avr8-gnu-toolchain/bin/../lib/gcc/avr/5.4.0/avrxmega6\libgcc.a(_exit.o)
 .text.libgcc.fmul
                0x00000000        0x0 c:/program files (x86)/atmel/studio/7.0/toolchain/avr8/avr8-gnu-toolchain/bin/../lib/gcc/avr/5.4.0/avrxmega6\libgcc.a(_exit.o)
 .text.libgcc.fixed
                0x00000000        0x0 c:/program files (x86)/atmel/studio/7.0/toolchain/avr8/avr8-gnu-toolchain/bin/../lib/gcc/avr/5.4.0/avrxmega6\libgcc.a(_exit.o)
 .text          0x00000000        0x0 c:/program files (x86)/atmel/studio/7.0/toolchain/avr8/avr8-gnu-toolchain/bin/../lib/gcc/avr/5.4.0/avrxmega6\libgcc.a(_copy_data.o)
 .data          0x00000000        0x0 c:/program files (x86)/atmel/studio/7.0/toolchain/avr8/avr8-gnu-toolchain/bin/../lib/gcc/avr/5.4.0/avrxmega6\libgcc.a(_copy_data.o)
 .bss           0x00000000        0x0 c:/program files (x86)/atmel/studio/7.0/toolchain/avr8/avr8-gnu-toolchain/bin/../lib/gcc/avr/5.4.0/avrxmega6\libgcc.a(_copy_data.o)
 .text.libgcc.mul
                0x00000000        0x0 c:/program files (x86)/atmel/studio/7.0/toolchain/avr8/avr8-gnu-toolchain/bin/../lib/gcc/avr/5.4.0/avrxmega6\libgcc.a(_copy_data.o)
 .text.libgcc.div
                0x00000000        0x0 c:/program files (x86)/atmel/studio/7.0/toolchain/avr8/avr8-gnu-toolchain/bin/../lib/gcc/avr/5.4.0/avrxmega6\libgcc.a(_copy_data.o)
 .text.libgcc   0x00000000        0x0 c:/program files (x86)/atmel/studio/7.0/toolchain/avr8/avr8-gnu-toolchain/bin/../lib/gcc/avr/5.4.0/avrxmega6\libgcc.a(_copy_data.o)
 .text.libgcc.prologue
                0x00000000        0x0 c:/program files (x86)/atmel/studio/7.0/toolchain/avr8/avr8-gnu-toolchain/bin/../lib/gcc/avr/5.4.0/avrxmega6\libgcc.a(_copy_data.o)
 .text.libgcc.builtins
                0x00000000        0x0 c:/program files (x86)/atmel/studio/7.0/toolchain/avr8/avr8-gnu-toolchain/bin/../lib/gcc/avr/5.4.0/avrxmega6\libgcc.a(_copy_data.o)
 .text.libgcc.fmul
                0x00000000        0x0 c:/program files (x86)/atmel/studio/7.0/toolchain/avr8/avr8-gnu-toolchain/bin/../lib/gcc/avr/5.4.0/avrxmega6\libgcc.a(_copy_data.o)
 .text.libgcc.fixed
                0x00000000        0x0 c:/program files (x86)/atmel/studio/7.0/toolchain/avr8/avr8-gnu-toolchain/bin/../lib/gcc/avr/5.4.0/avrxmega6\libgcc.a(_copy_data.o)
 .text          0x00000000        0x0 c:/program files (x86)/atmel/studio/7.0/toolchain/avr8/avr8-gnu-toolchain/bin/../lib/gcc/avr/5.4.0/avrxmega6\libgcc.a(_clear_bss.o)
 .data          0x00000000        0x0 c:/program files (x86)/atmel/studio/7.0/toolchain/avr8/avr8-gnu-toolchain/bin/../lib/gcc/avr/5.4.0/avrxmega6\libgcc.a(_clear_bss.o)
 .bss           0x00000000        0x0 c:/program files (x86)/atmel/studio/7.0/toolchain/avr8/avr8-gnu-toolchain/bin/../lib/gcc/avr/5.4.0/avrxmega6\libgcc.a(_clear_bss.o)
 .text.libgcc.mul
                0x00000000        0x0 c:/program files (x86)/atmel/studio/7.0/toolchain/avr8/avr8-gnu-toolchain/bin/../lib/gcc/avr/5.4.0/avrxmega6\libgcc.a(_clear_bss.o)
 .text.libgcc.div
                0x00000000        0x0 c:/program files (x86)/atmel/studio/7.0/toolchain/avr8/avr8-gnu-toolchain/bin/../lib/gcc/avr/5.4.0/avrxmega6\libgcc.a(_clear_bss.o)
 .text.libgcc   0x00000000        0x0 c:/program files (x86)/atmel/studio/7.0/toolchain/avr8/avr8-gnu-toolchain/bin/../lib/gcc/avr/5.4.0/avrxmega6\libgcc.a(_clear_bss.o)
 .text.libgcc.prologue
                0x00000000        0x0 c:/program files (x86)/atmel/studio/7.0/toolchain/avr8/avr8-gnu-toolchain/bin/../lib/gcc/avr/5.4.0/avrxmega6\libgcc.a(_clear_bss.o)
 .text.libgcc.builtins
                0x00000000        0x0 c:/program files (x86)/atmel/studio/7.0/toolchain/avr8/avr8-gnu-toolchain/bin/../lib/gcc/avr/5.4.0/avrxmega6\libgcc.a(_clear_bss.o)
 .text.libgcc.fmul
                0x00000000        0x0 c:/program files (x86)/atmel/studio/7.0/toolchain/avr8/avr8-gnu-toolchain/bin/../lib/gcc/avr/5.4.0/avrxmega6\libgcc.a(_clear_bss.o)
 .text.libgcc.fixed
                0x00000000        0x0 c:/program files (x86)/atmel/studio/7.0/toolchain/avr8/avr8-gnu-toolchain/bin/../lib/gcc/avr/5.4.0/avrxmega6\libgcc.a(_clear_bss.o)
 .text          0x00000000        0x0 c:/program files (x86)/atmel/studio/7.0/toolchain/avr8/avr8-gnu-toolchain/bin/../lib/gcc/avr/5.4.0/avrxmega6\libgcc.a(_umulhisi3.o)
 .data          0x00000000        0x0 c:/program files (x86)/atmel/studio/7.0/toolchain/avr8/avr8-gnu-toolchain/bin/../lib/gcc/avr/5.4.0/avrxmega6\libgcc.a(_umulhisi3.o)
 .bss           0x00000000        0x0 c:/program files (x86)/atmel/studio/7.0/toolchain/avr8/avr8-gnu-toolchain/bin/../lib/gcc/avr/5.4.0/avrxmega6\libgcc.a(_umulhisi3.o)
 .text.libgcc.div
                0x00000000        0x0 c:/program files (x86)/atmel/studio/7.0/toolchain/avr8/avr8-gnu-toolchain/bin/../lib/gcc/avr/5.4.0/avrxmega6\libgcc.a(_umulhisi3.o)
 .text.libgcc   0x00000000        0x0 c:/program files (x86)/atmel/studio/7.0/toolchain/avr8/avr8-gnu-toolchain/bin/../lib/gcc/avr/5.4.0/avrxmega6\libgcc.a(_umulhisi3.o)
 .text.libgcc.prologue
                0x00000000        0x0 c:/program files (x86)/atmel/studio/7.0/toolchain/avr8/avr8-gnu-toolchain/bin/../lib/gcc/avr/5.4.0/avrxmega6\libgcc.a(_umulhisi3.o)
 .text.libgcc.builtins
                0x00000000        0x0 c:/program files (x86)/atmel/studio/7.0/toolchain/avr8/avr8-gnu-toolchain/bin/../lib/gcc/avr/5.4.0/avrxmega6\libgcc.a(_umulhisi3.o)
 .text.libgcc.fmul
                0x00000000        0x0 c:/program files (x86)/atmel/studio/7.0/toolchain/avr8/avr8-gnu-toolchain/bin/../lib/gcc/avr/5.4.0/avrxmega6\libgcc.a(_umulhisi3.o)
 .text.libgcc.fixed
                0x00000000        0x0 c:/program files (x86)/atmel/studio/7.0/toolchain/avr8/avr8-gnu-toolchain/bin/../lib/gcc/avr/5.4.0/avrxmega6\libgcc.a(_umulhisi3.o)
 .text          0x00000000        0x0 c:/program files (x86)/atmel/studio/7.0/toolchain/avr8/avr8-gnu-toolchain/bin/../lib/gcc/avr/5.4.0/avrxmega6\libgcc.a(_muluhisi3.o)
 .data          0x00000000        0x0 c:/program files (x86)/atmel/studio/7.0/toolchain/avr8/avr8-gnu-toolchain/bin/../lib/gcc/avr/5.4.0/avrxmega6\libgcc.a(_muluhisi3.o)
 .bss           0x00000000        0x0 c:/program files (x86)/atmel/studio/7.0/toolchain/avr8/avr8-gnu-toolchain/bin/../lib/gcc/avr/5.4.0/avrxmega6\libgcc.a(_muluhisi3.o)
 .text.libgcc.mul
                0x00000000       0x16 c:/program files (x86)/atmel/studio/7.0/toolchain/avr8/avr8-gnu-toolchain/bin/../lib/gcc/avr/5.4.0/avrxmega6\libgcc.a(_muluhisi3.o)
 .text.libgcc.div
                0x00000000        0x0 c:/program files (x86)/atmel/studio/7.0/toolchain/avr8/avr8-gnu-toolchain/bin/../lib/gcc/avr/5.4.0/avrxmega6\libgcc.a(_muluhisi3.o)
 .text.libgcc   0x00000000        0x0 c:/program files (x86)/atmel/studio/7.0/toolchain/avr8/avr8-gnu-toolchain/bin/../lib/gcc/avr/5.4.0/avrxmega6\libgcc.a(_muluhisi3.o)
 .text.libgcc.prologue
                0x00000000        0x0 c:/program files (x86)/atmel/studio/7.0/toolchain/avr8/avr8-gnu-toolchain/bin/../lib/gcc/avr/5.4.0/avrxmega6\libgcc.a(_muluhisi3.o)
 .text.libgcc.builtins
                0x00000000        0x0 c:/program files (x86)/atmel/studio/7.0/toolchain/avr8/avr8-gnu-toolchain/bin/../lib/gcc/avr/5.4.0/avrxmega6\libgcc.a(_muluhisi3.o)
 .text.libgcc.fmul
                0x00000000        0x0 c:/program files (x86)/atmel/studio/7.0/toolchain/avr8/avr8-gnu-toolchain/bin/../lib/gcc/avr/5.4.0/avrxmega6\libgcc.a(_muluhisi3.o)
 .text.libgcc.fixed
                0x00000000        0x0 c:/program files (x86)/atmel/studio/7.0/toolchain/avr8/avr8-gnu-toolchain/bin/../lib/gcc/avr/5.4.0/avrxmega6\libgcc.a(_muluhisi3.o)
 .text          0x00000000        0x0 c:/program files (x86)/atmel/studio/7.0/toolchain/avr8/avr8-gnu-toolchain/bin/../lib/gcc/avr/5.4.0/../../../../avr/lib/avrxmega6\libc.a(memcpy.o)
 .data          0x00000000        0x0 c:/program files (x86)/atmel/studio/7.0/toolchain/avr8/avr8-gnu-toolchain/bin/../lib/gcc/avr/5.4.0/../../../../avr/lib/avrxmega6\libc.a(memcpy.o)
 .bss           0x00000000        0x0 c:/program files (x86)/atmel/studio/7.0/toolchain/avr8/avr8-gnu-toolchain/bin/../lib/gcc/avr/5.4.0/../../../../avr/lib/avrxmega6\libc.a(memcpy.o)

Memory Configuration

Name             Origin             Length             Attributes
text             0x00000000         0x00100000         xr
data             0x00802000         0x0000ffa0         rw !x
eeprom           0x00810000         0x00010000         rw !x
fuse             0x00820000         0x00000006         rw !x
lock             0x00830000         0x00000400         rw !x
signature        0x00840000         0x00000400         rw !x
user_signatures  0x00850000         0x00000400         rw !x
*default*        0x00000000         0xffffffff

Linker script and memory map

LOAD C:/Program Files (x86)/Atmel/Studio/7.0/Packs/atmel/XMEGAA_DFP/1.1.68/gcc/dev/atxmega256a3u/avrxmega6/crtatxmega256a3u.o
LOAD main.o
LOAD nrf24L01.o
LOAD nrf24spiXM2.o
START GROUP
LOAD c:/program files (x86)/atmel/studio/7.0/toolchain/avr8/avr8-gnu-toolchain/bin/../lib/gcc/avr/5.4.0/../../../../avr/lib/avrxmega6\libm.a
END GROUP
START GROUP
LOAD c:/program files (x86)/atmel/studio/7.0/toolchain/avr8/avr8-gnu-toolchain/bin/../lib/gcc/avr/5.4.0/avrxmega6\libgcc.a
LOAD c:/program files (x86)/atmel/studio/7.0/toolchain/avr8/avr8-gnu-toolchain/bin/../lib/gcc/avr/5.4.0/../../../../avr/lib/avrxmega6\libm.a
LOAD c:/program files (x86)/atmel/studio/7.0/toolchain/avr8/avr8-gnu-toolchain/bin/../lib/gcc/avr/5.4.0/../../../../avr/lib/avrxmega6\libc.a
LOAD C:/Program Files (x86)/Atmel/Studio/7.0/Packs/atmel/XMEGAA_DFP/1.1.68/gcc/dev/atxmega256a3u/avrxmega6\libatxmega256a3u.a
END GROUP
                0x00000000                __TEXT_REGION_ORIGIN__ = DEFINED (__TEXT_REGION_ORIGIN__)?__TEXT_REGION_ORIGIN__:0x0
                0x00802000                __DATA_REGION_ORIGIN__ = DEFINED (__DATA_REGION_ORIGIN__)?__DATA_REGION_ORIGIN__:0x802000
                0x00100000                __TEXT_REGION_LENGTH__ = DEFINED (__TEXT_REGION_LENGTH__)?__TEXT_REGION_LENGTH__:0x100000
                0x0000ffa0                __DATA_REGION_LENGTH__ = DEFINED (__DATA_REGION_LENGTH__)?__DATA_REGION_LENGTH__:0xffa0
                0x00010000                __EEPROM_REGION_LENGTH__ = DEFINED (__EEPROM_REGION_LENGTH__)?__EEPROM_REGION_LENGTH__:0x10000
                [0x00000006]                __FUSE_REGION_LENGTH__ = DEFINED (__FUSE_REGION_LENGTH__)?__FUSE_REGION_LENGTH__:0x400
                0x00000400                __LOCK_REGION_LENGTH__ = DEFINED (__LOCK_REGION_LENGTH__)?__LOCK_REGION_LENGTH__:0x400
                0x00000400                __SIGNATURE_REGION_LENGTH__ = DEFINED (__SIGNATURE_REGION_LENGTH__)?__SIGNATURE_REGION_LENGTH__:0x400
                0x00000400                __USER_SIGNATURE_REGION_LENGTH__ = DEFINED (__USER_SIGNATURE_REGION_LENGTH__)?__USER_SIGNATURE_REGION_LENGTH__:0x400

.hash
 *(.hash)

.dynsym
 *(.dynsym)

.dynstr
 *(.dynstr)

.gnu.version
 *(.gnu.version)

.gnu.version_d
 *(.gnu.version_d)

.gnu.version_r
 *(.gnu.version_r)

.rel.init
 *(.rel.init)

.rela.init
 *(.rela.init)

.rel.text
 *(.rel.text)
 *(.rel.text.*)
 *(.rel.gnu.linkonce.t*)

.rela.text
 *(.rela.text)
 *(.rela.text.*)
 *(.rela.gnu.linkonce.t*)

.rel.fini
 *(.rel.fini)

.rela.fini
 *(.rela.fini)

.rel.rodata
 *(.rel.rodata)
 *(.rel.rodata.*)
 *(.rel.gnu.linkonce.r*)

.rela.rodata
 *(.rela.rodata)
 *(.rela.rodata.*)
 *(.rela.gnu.linkonce.r*)

.rel.data
 *(.rel.data)
 *(.rel.data.*)
 *(.rel.gnu.linkonce.d*)

.rela.data
 *(.rela.data)
 *(.rela.data.*)
 *(.rela.gnu.linkonce.d*)

.rel.ctors
 *(.rel.ctors)

.rela.ctors
 *(.rela.ctors)

.rel.dtors
 *(.rel.dtors)

.rela.dtors
 *(.rela.dtors)

.rel.got
 *(.rel.got)

.rela.got
 *(.rela.got)

.rel.bss
 *(.rel.bss)

.rela.bss
 *(.rela.bss)

.rel.plt
 *(.rel.plt)

.rela.plt
 *(.rela.plt)

.text           0x00000000      0xade
 *(.vectors)
 .vectors       0x00000000      0x1fc C:/Program Files (x86)/Atmel/Studio/7.0/Packs/atmel/XMEGAA_DFP/1.1.68/gcc/dev/atxmega256a3u/avrxmega6/crtatxmega256a3u.o
                0x00000000                __vector_default
                0x00000000                __vectors
 *(.vectors)
 *(.progmem.gcc*)
                0x000001fc                . = ALIGN (0x2)
                0x000001fc                __trampolines_start = .
 *(.trampolines)
 .trampolines   0x000001fc        0x0 linker stubs
 *(.trampolines*)
                0x000001fc                __trampolines_end = .
 *libprintf_flt.a:*(.progmem.data)
 *libc.a:*(.progmem.data)
 *(.progmem*)
                0x000001fc                . = ALIGN (0x2)
 *(.jumptables)
 *(.jumptables*)
 *(.lowtext)
 *(.lowtext*)
                0x000001fc                __ctors_start = .
 *(.ctors)
                0x000001fc                __ctors_end = .
                0x000001fc                __dtors_start = .
 *(.dtors)
                0x000001fc                __dtors_end = .
 SORT(*)(.ctors)
 SORT(*)(.dtors)
 *(.init0)
 .init0         0x000001fc        0x0 C:/Program Files (x86)/Atmel/Studio/7.0/Packs/atmel/XMEGAA_DFP/1.1.68/gcc/dev/atxmega256a3u/avrxmega6/crtatxmega256a3u.o
                0x000001fc                __init
 *(.init0)
 *(.init1)
 *(.init1)
 *(.init2)
 .init2         0x000001fc       0x10 C:/Program Files (x86)/Atmel/Studio/7.0/Packs/atmel/XMEGAA_DFP/1.1.68/gcc/dev/atxmega256a3u/avrxmega6/crtatxmega256a3u.o
 *(.init2)
 *(.init3)
 *(.init3)
 *(.init4)
 .init4         0x0000020c       0x1a c:/program files (x86)/atmel/studio/7.0/toolchain/avr8/avr8-gnu-toolchain/bin/../lib/gcc/avr/5.4.0/avrxmega6\libgcc.a(_copy_data.o)
                0x0000020c                __do_copy_data
 .init4         0x00000226       0x10 c:/program files (x86)/atmel/studio/7.0/toolchain/avr8/avr8-gnu-toolchain/bin/../lib/gcc/avr/5.4.0/avrxmega6\libgcc.a(_clear_bss.o)
                0x00000226                __do_clear_bss
 *(.init4)
 *(.init5)
 *(.init5)
 *(.init6)
 *(.init6)
 *(.init7)
 *(.init7)
 *(.init8)
 *(.init8)
 *(.init9)
 .init9         0x00000236        0x8 C:/Program Files (x86)/Atmel/Studio/7.0/Packs/atmel/XMEGAA_DFP/1.1.68/gcc/dev/atxmega256a3u/avrxmega6/crtatxmega256a3u.o
 *(.init9)
 *(.text)
 .text          0x0000023e        0x4 C:/Program Files (x86)/Atmel/Studio/7.0/Packs/atmel/XMEGAA_DFP/1.1.68/gcc/dev/atxmega256a3u/avrxmega6/crtatxmega256a3u.o
                0x0000023e                __vector_38
                0x0000023e                __vector_22
                0x0000023e                __vector_63
                0x0000023e                __vector_28
                0x0000023e                __vector_67
                0x0000023e                __vector_1
                0x0000023e                __vector_119
                0x0000023e                __vector_32
                0x0000023e                __vector_75
                0x0000023e                __vector_71
                0x0000023e                __vector_91
                0x0000023e                __vector_34
                0x0000023e                __vector_62
                0x0000023e                __vector_77
                0x0000023e                __vector_102
                0x0000023e                __vector_24
                0x0000023e                __vector_12
                0x0000023e                __vector_55
                0x0000023e                __vector_69
                0x0000023e                __vector_81
                0x0000023e                __vector_90
                0x0000023e                __vector_46
                0x0000023e                __bad_interrupt
                0x0000023e                __vector_122
                0x0000023e                __vector_72
                0x0000023e                __vector_114
                0x0000023e                __vector_6
                0x0000023e                __vector_110
                0x0000023e                __vector_31
                0x0000023e                __vector_92
                0x0000023e                __vector_35
                0x0000023e                __vector_78
                0x0000023e                __vector_74
                0x0000023e                __vector_117
                0x0000023e                __vector_39
                0x0000023e                __vector_107
                0x0000023e                __vector_3
                0x0000023e                __vector_105
                0x0000023e                __vector_98
                0x0000023e                __vector_23
                0x0000023e                __vector_68
                0x0000023e                __vector_30
                0x0000023e                __vector_73
                0x0000023e                __vector_45
                0x0000023e                __vector_25
                0x0000023e                __vector_93
                0x0000023e                __vector_61
                0x0000023e                __vector_11
                0x0000023e                __vector_54
                0x0000023e                __vector_99
                0x0000023e                __vector_13
                0x0000023e                __vector_17
                0x0000023e                __vector_19
                0x0000023e                __vector_56
                0x0000023e                __vector_7
                0x0000023e                __vector_125
                0x0000023e                __vector_49
                0x0000023e                __vector_123
                0x0000023e                __vector_41
                0x0000023e                __vector_86
                0x0000023e                __vector_100
                0x0000023e                __vector_101
                0x0000023e                __vector_64
                0x0000023e                __vector_88
                0x0000023e                __vector_109
                0x0000023e                __vector_43
                0x0000023e                __vector_27
                0x0000023e                __vector_5
                0x0000023e                __vector_113
                0x0000023e                __vector_33
                0x0000023e                __vector_76
                0x0000023e                __vector_115
                0x0000023e                __vector_47
                0x0000023e                __vector_52
                0x0000023e                __vector_37
                0x0000023e                __vector_95
                0x0000023e                __vector_103
                0x0000023e                __vector_96
                0x0000023e                __vector_89
                0x0000023e                __vector_108
                0x0000023e                __vector_4
                0x0000023e                __vector_44
                0x0000023e                __vector_82
                0x0000023e                __vector_106
                0x0000023e                __vector_118
                0x0000023e                __vector_51
                0x0000023e                __vector_9
                0x0000023e                __vector_2
                0x0000023e                __vector_21
                0x0000023e                __vector_15
                0x0000023e                __vector_66
                0x0000023e                __vector_36
                0x0000023e                __vector_79
                0x0000023e                __vector_58
                0x0000023e                __vector_70
                0x0000023e                __vector_83
                0x0000023e                __vector_29
                0x0000023e                __vector_60
                0x0000023e                __vector_121
                0x0000023e                __vector_40
                0x0000023e                __vector_85
                0x0000023e                __vector_94
                0x0000023e                __vector_126
                0x0000023e                __vector_8
                0x0000023e                __vector_26
                0x0000023e                __vector_48
                0x0000023e                __vector_124
                0x0000023e                __vector_116
                0x0000023e                __vector_112
                0x0000023e                __vector_111
                0x0000023e                __vector_80
                0x0000023e                __vector_14
                0x0000023e                __vector_84
                0x0000023e                __vector_57
                0x0000023e                __vector_53
                0x0000023e                __vector_10
                0x0000023e                __vector_50
                0x0000023e                __vector_16
                0x0000023e                __vector_59
                0x0000023e                __vector_18
                0x0000023e                __vector_97
                0x0000023e                __vector_20
                0x0000023e                __vector_42
                0x0000023e                __vector_87
                0x0000023e                __vector_65
                0x0000023e                __vector_120
                0x00000242                . = ALIGN (0x2)
 *(.text.*)
 .text.read_sensor
                0x00000242       0x22 main.o
                0x00000242                read_sensor
 .text.lamp_with_sensor
                0x00000264       0x7c main.o
                0x00000264                lamp_with_sensor
 .text.read_pot
                0x000002e0       0x22 main.o
                0x000002e0                read_pot
 .text.average_pot
                0x00000302       0x6c main.o
                0x00000302                average_pot
 .text.lamp_with_pot
                0x0000036e       0x24 main.o
                0x0000036e                lamp_with_pot
 .text.run_state
                0x00000392       0x3a main.o
                0x00000392                run_state
 .text.set_state
                0x000003cc       0x4c main.o
                0x000003cc                set_state
 .text.init_adc
                0x00000418       0x34 main.o
                0x00000418                init_adc
 .text.init_pwm
                0x0000044c       0x20 main.o
                0x0000044c                init_pwm
 .text.init_nrf
                0x0000046c       0x6e main.o
                0x0000046c                init_nrf
 .text.init     0x000004da       0x2c main.o
                0x000004da                init
 .text.main     0x00000506        0xc main.o
                0x00000506                main
 .text.__vector_104
                0x00000512       0xa2 main.o
                0x00000512                __vector_104
 .text.nrfReadRegister
                0x000005b4       0x24 nrf24L01.o
                0x000005b4                nrfReadRegister
 .text.nrfWriteRegisterMulti
                0x000005d8       0x5c nrf24L01.o
                0x000005d8                nrfWriteRegisterMulti
 .text.nrfWriteRegister
                0x00000634       0x34 nrf24L01.o
                0x00000634                nrfWriteRegister
 .text.nrfReadPayload
                0x00000668       0xaa nrf24L01.o
                0x00000668                nrfReadPayload
 .text.nrfRead  0x00000712        0xe nrf24L01.o
                0x00000712                nrfRead
 .text.nrfFlushRx
                0x00000720       0x1e nrf24L01.o
                0x00000720                nrfFlushRx
 .text.nrfFlushTx
                0x0000073e       0x1e nrf24L01.o
                0x0000073e                nrfFlushTx
 .text.nrfStartListening
                0x0000075c       0x6a nrf24L01.o
                0x0000075c                nrfStartListening
 .text.nrfWhatHappened
                0x000007c6       0x3c nrf24L01.o
                0x000007c6                nrfWhatHappened
 .text.nrfOpenReadingPipe
                0x00000802       0x8c nrf24L01.o
                0x00000802                nrfOpenReadingPipe
 .text.nrfToggleFeatures
                0x0000088e       0x24 nrf24L01.o
                0x0000088e                nrfToggleFeatures
 .text.nrfEnableDynamicPayloads
                0x000008b2       0x46 nrf24L01.o
                0x000008b2                nrfEnableDynamicPayloads
 .text.nrfGetDynamicPayloadSize
                0x000008f8       0x24 nrf24L01.o
                0x000008f8                nrfGetDynamicPayloadSize
 .text.nrfSetChannel
                0x0000091c       0x18 nrf24L01.o
                0x0000091c                nrfSetChannel
 .text.nrfSetAutoAck
                0x00000934       0x18 nrf24L01.o
                0x00000934                nrfSetAutoAck
 .text.nrfSetPALevel
                0x0000094c       0x1c nrf24L01.o
                0x0000094c                nrfSetPALevel
 .text.nrfSetDataRate
                0x00000968       0x2c nrf24L01.o
                0x00000968                nrfSetDataRate
 .text.nrfSetCRCLength
                0x00000994       0x1c nrf24L01.o
                0x00000994                nrfSetCRCLength
 .text.nrfSetRetries
                0x000009b0        0xa nrf24L01.o
                0x000009b0                nrfSetRetries
 .text.nrfClearInterruptBits
                0x000009ba        0xa nrf24L01.o
                0x000009ba                nrfClearInterruptBits
 .text.nrfBegin
                0x000009c4       0x52 nrf24L01.o
                0x000009c4                nrfBegin
 .text.nrfspiInit
                0x00000a16       0x34 nrf24spiXM2.o
                0x00000a16                nrfspiInit
 .text.nrfspiTransfer
                0x00000a4a       0x1c nrf24spiXM2.o
                0x00000a4a                nrfspiTransfer
 .text.libgcc.div
                0x00000a66       0x44 c:/program files (x86)/atmel/studio/7.0/toolchain/avr8/avr8-gnu-toolchain/bin/../lib/gcc/avr/5.4.0/avrxmega6\libgcc.a(_udivmodsi4.o)
                0x00000a66                __udivmodsi4
 .text.libgcc.mul
                0x00000aaa       0x1e c:/program files (x86)/atmel/studio/7.0/toolchain/avr8/avr8-gnu-toolchain/bin/../lib/gcc/avr/5.4.0/avrxmega6\libgcc.a(_umulhisi3.o)
                0x00000aaa                __umulhisi3
 .text.avr-libc
                0x00000ac8       0x12 c:/program files (x86)/atmel/studio/7.0/toolchain/avr8/avr8-gnu-toolchain/bin/../lib/gcc/avr/5.4.0/../../../../avr/lib/avrxmega6\libc.a(memcpy.o)
                0x00000ac8                memcpy
                0x00000ada                . = ALIGN (0x2)
 *(.fini9)
 .fini9         0x00000ada        0x0 c:/program files (x86)/atmel/studio/7.0/toolchain/avr8/avr8-gnu-toolchain/bin/../lib/gcc/avr/5.4.0/avrxmega6\libgcc.a(_exit.o)
                0x00000ada                _exit
                0x00000ada                exit
 *(.fini9)
 *(.fini8)
 *(.fini8)
 *(.fini7)
 *(.fini7)
 *(.fini6)
 *(.fini6)
 *(.fini5)
 *(.fini5)
 *(.fini4)
 *(.fini4)
 *(.fini3)
 *(.fini3)
 *(.fini2)
 *(.fini2)
 *(.fini1)
 *(.fini1)
 *(.fini0)
 .fini0         0x00000ada        0x4 c:/program files (x86)/atmel/studio/7.0/toolchain/avr8/avr8-gnu-toolchain/bin/../lib/gcc/avr/5.4.0/avrxmega6\libgcc.a(_exit.o)
 *(.fini0)
                0x00000ade                _etext = .

.data           0x00802000       0x20 load address 0x00000ade
                0x00802000                PROVIDE (__data_start, .)
 *(.data)
 *(.data*)
 .data.pipe1    0x00802000        0x5 main.o
                0x00802000                pipe1
 .data.pipe     0x00802005        0x5 main.o
                0x00802005                pipe
 .data.addr_width
                0x0080200a        0x1 nrf24L01.o
                0x0080200a                addr_width
 .data.fixed_payload_size
                0x0080200b        0x1 nrf24L01.o
                0x0080200b                fixed_payload_size
 .data.p_variant
                0x0080200c        0x1 nrf24L01.o
                0x0080200c                p_variant
 *(.gnu.linkonce.d*)
 *(.rodata)
 *(.rodata*)
 .rodata.child_pipe_enable
                0x0080200d        0x6 nrf24L01.o
 .rodata.child_payload_size
                0x00802013        0x6 nrf24L01.o
 .rodata.child_pipe
                0x00802019        0x6 nrf24L01.o
 *(.gnu.linkonce.r*)
                0x00802020                . = ALIGN (0x2)
 *fill*         0x0080201f        0x1 
                0x00802020                _edata = .
                0x00802020                PROVIDE (__data_end, .)

.bss            0x00802020      0x21d
                0x00802020                PROVIDE (__bss_start, .)
 *(.bss)
 *(.bss*)
 .bss.indexArray
                0x00802020        0x2 main.o
                0x00802020                indexArray
 .bss.lamp      0x00802022        0x2 main.o
                0x00802022                lamp
 .bss.stateChange
                0x00802024        0x1 main.o
                0x00802024                stateChange
 .bss.pipe0_reading_address
                0x00802025        0x5 nrf24L01.o
                0x00802025                pipe0_reading_address
 .bss.dynamic_payloads_enabled
                0x0080202a        0x1 nrf24L01.o
                0x0080202a                dynamic_payloads_enabled
 *(COMMON)
 COMMON         0x0080202b      0x212 main.o
                0x0080202b                buffer
                0x00802229                potArray
                0x0080223d                PROVIDE (__bss_end, .)
                0x00000ade                __data_load_start = LOADADDR (.data)
                0x00000afe                __data_load_end = (__data_load_start + SIZEOF (.data))

.noinit         0x0080223d        0x0
                [!provide]                PROVIDE (__noinit_start, .)
 *(.noinit*)
                [!provide]                PROVIDE (__noinit_end, .)
                0x0080223d                _end = .
                [!provide]                PROVIDE (__heap_start, .)

.eeprom         0x00810000        0x0
 *(.eeprom*)
                0x00810000                __eeprom_end = .

.fuse
 *(.fuse)
 *(.lfuse)
 *(.hfuse)
 *(.efuse)

.lock
 *(.lock*)

.signature
 *(.signature*)

.user_signatures
 *(.user_signatures*)

.stab
 *(.stab)

.stabstr
 *(.stabstr)

.stab.excl
 *(.stab.excl)

.stab.exclstr
 *(.stab.exclstr)

.stab.index
 *(.stab.index)

.stab.indexstr
 *(.stab.indexstr)

.comment        0x00000000       0x30
 *(.comment)
 .comment       0x00000000       0x30 main.o
                                 0x31 (size before relaxing)
 .comment       0x00000030       0x31 nrf24L01.o
 .comment       0x00000030       0x31 nrf24spiXM2.o

.note.gnu.avr.deviceinfo
                0x00000000       0x40
 .note.gnu.avr.deviceinfo
                0x00000000       0x40 C:/Program Files (x86)/Atmel/Studio/7.0/Packs/atmel/XMEGAA_DFP/1.1.68/gcc/dev/atxmega256a3u/avrxmega6/crtatxmega256a3u.o

.note.gnu.build-id
 *(.note.gnu.build-id)

.debug
 *(.debug)

.line
 *(.line)

.debug_srcinfo
 *(.debug_srcinfo)

.debug_sfnames
 *(.debug_sfnames)

.debug_aranges  0x00000000      0x260
 *(.debug_aranges)
 .debug_aranges
                0x00000000       0x98 main.o
 .debug_aranges
                0x00000098      0x1a0 nrf24L01.o
 .debug_aranges
                0x00000238       0x28 nrf24spiXM2.o

.debug_pubnames
 *(.debug_pubnames)

.debug_info     0x00000000     0x6d53
 *(.debug_info .gnu.linkonce.wi.*)
 .debug_info    0x00000000     0x3409 C:/Program Files (x86)/Atmel/Studio/7.0/Packs/atmel/XMEGAA_DFP/1.1.68/gcc/dev/atxmega256a3u/avrxmega6/crtatxmega256a3u.o
 .debug_info    0x00003409     0x1750 main.o
 .debug_info    0x00004b59     0x1ef9 nrf24L01.o
 .debug_info    0x00006a52      0x301 nrf24spiXM2.o

.debug_abbrev   0x00000000     0x38fb
 *(.debug_abbrev)
 .debug_abbrev  0x00000000     0x3148 C:/Program Files (x86)/Atmel/Studio/7.0/Packs/atmel/XMEGAA_DFP/1.1.68/gcc/dev/atxmega256a3u/avrxmega6/crtatxmega256a3u.o
 .debug_abbrev  0x00003148      0x37b main.o
 .debug_abbrev  0x000034c3      0x363 nrf24L01.o
 .debug_abbrev  0x00003826       0xd5 nrf24spiXM2.o

.debug_line     0x00000000     0x15cd
 *(.debug_line .debug_line.* .debug_line_end)
 .debug_line    0x00000000      0x39d C:/Program Files (x86)/Atmel/Studio/7.0/Packs/atmel/XMEGAA_DFP/1.1.68/gcc/dev/atxmega256a3u/avrxmega6/crtatxmega256a3u.o
 .debug_line    0x0000039d      0x4eb main.o
 .debug_line    0x00000888      0xbcb nrf24L01.o
 .debug_line    0x00001453      0x17a nrf24spiXM2.o

.debug_frame    0x00000000      0x728
 *(.debug_frame)
 .debug_frame   0x00000000      0x1b8 main.o
 .debug_frame   0x000001b8      0x53c nrf24L01.o
 .debug_frame   0x000006f4       0x34 nrf24spiXM2.o

.debug_str      0x00000000     0x3b83
 *(.debug_str)
 .debug_str     0x00000000     0x223b C:/Program Files (x86)/Atmel/Studio/7.0/Packs/atmel/XMEGAA_DFP/1.1.68/gcc/dev/atxmega256a3u/avrxmega6/crtatxmega256a3u.o
 .debug_str     0x0000223b     0x1433 main.o
                               0x148d (size before relaxing)
 .debug_str     0x0000366e      0x450 nrf24L01.o
                                0xc84 (size before relaxing)
 .debug_str     0x00003abe       0xc5 nrf24spiXM2.o
                                0x341 (size before relaxing)

.debug_loc      0x00000000     0x1e4e
 *(.debug_loc)
 .debug_loc     0x00000000      0x458 main.o
 .debug_loc     0x00000458     0x19c9 nrf24L01.o
 .debug_loc     0x00001e21       0x2d nrf24spiXM2.o

.debug_macinfo
 *(.debug_macinfo)

.debug_weaknames
 *(.debug_weaknames)

.debug_funcnames
 *(.debug_funcnames)

.debug_typenames
 *(.debug_typenames)

.debug_varnames
 *(.debug_varnames)

.debug_pubtypes
 *(.debug_pubtypes)

.debug_ranges   0x00000000      0x260
 *(.debug_ranges)
 .debug_ranges  0x00000000       0x88 main.o
 .debug_ranges  0x00000088      0x1c0 nrf24L01.o
 .debug_ranges  0x00000248       0x18 nrf24spiXM2.o

.debug_macro
 *(.debug_macro)
OUTPUT(Verlichting.elf elf32-avr)
LOAD linker stubs
