Archive member included to satisfy reference by file (symbol)

c:/program files (x86)/atmel/studio/7.0/toolchain/avr8/avr8-gnu-toolchain/bin/../lib/gcc/avr/5.4.0/avrxmega6\libgcc.a(_divmodhi4.o)
                              csrc/ucg_ccs.o (__divmodhi4)
c:/program files (x86)/atmel/studio/7.0/toolchain/avr8/avr8-gnu-toolchain/bin/../lib/gcc/avr/5.4.0/avrxmega6\libgcc.a(_exit.o)
                              C:/Program Files (x86)/Atmel/Studio/7.0/Packs/atmel/XMEGAA_DFP/1.1.68/gcc/dev/atxmega256a3u/avrxmega6/crtatxmega256a3u.o (exit)
c:/program files (x86)/atmel/studio/7.0/toolchain/avr8/avr8-gnu-toolchain/bin/../lib/gcc/avr/5.4.0/avrxmega6\libgcc.a(_tablejump2.o)
                              csrc/ucg_com_msg_api.o (__tablejump2__)
c:/program files (x86)/atmel/studio/7.0/toolchain/avr8/avr8-gnu-toolchain/bin/../lib/gcc/avr/5.4.0/avrxmega6\libgcc.a(_copy_data.o)
                              main.o (__do_copy_data)
c:/program files (x86)/atmel/studio/7.0/toolchain/avr8/avr8-gnu-toolchain/bin/../lib/gcc/avr/5.4.0/avrxmega6\libgcc.a(_clear_bss.o)
                              csrc/ucg_box.o (__do_clear_bss)
c:/program files (x86)/atmel/studio/7.0/toolchain/avr8/avr8-gnu-toolchain/bin/../lib/gcc/avr/5.4.0/avrxmega6\libgcc.a(_udivmodhi4.o)
                              c:/program files (x86)/atmel/studio/7.0/toolchain/avr8/avr8-gnu-toolchain/bin/../lib/gcc/avr/5.4.0/avrxmega6\libgcc.a(_divmodhi4.o) (__udivmodhi4)
c:/program files (x86)/atmel/studio/7.0/toolchain/avr8/avr8-gnu-toolchain/bin/../lib/gcc/avr/5.4.0/../../../../avr/lib/avrxmega6\libc.a(malloc.o)
                              ucglib_xmega_hal.o (malloc)
c:/program files (x86)/atmel/studio/7.0/toolchain/avr8/avr8-gnu-toolchain/bin/../lib/gcc/avr/5.4.0/../../../../avr/lib/avrxmega6\libc.a(fdevopen.o)
                              ucglib_xmega_hal.o (fdevopen)
c:/program files (x86)/atmel/studio/7.0/toolchain/avr8/avr8-gnu-toolchain/bin/../lib/gcc/avr/5.4.0/../../../../avr/lib/avrxmega6\libc.a(iob.o)
                              c:/program files (x86)/atmel/studio/7.0/toolchain/avr8/avr8-gnu-toolchain/bin/../lib/gcc/avr/5.4.0/../../../../avr/lib/avrxmega6\libc.a(fdevopen.o) (__iob)
c:/program files (x86)/atmel/studio/7.0/toolchain/avr8/avr8-gnu-toolchain/bin/../lib/gcc/avr/5.4.0/../../../../avr/lib/avrxmega6\libc.a(vfprintf_std.o)
                              ucglib_xmega_hal.o (vfprintf)
c:/program files (x86)/atmel/studio/7.0/toolchain/avr8/avr8-gnu-toolchain/bin/../lib/gcc/avr/5.4.0/../../../../avr/lib/avrxmega6\libc.a(calloc.o)
                              c:/program files (x86)/atmel/studio/7.0/toolchain/avr8/avr8-gnu-toolchain/bin/../lib/gcc/avr/5.4.0/../../../../avr/lib/avrxmega6\libc.a(fdevopen.o) (calloc)
c:/program files (x86)/atmel/studio/7.0/toolchain/avr8/avr8-gnu-toolchain/bin/../lib/gcc/avr/5.4.0/../../../../avr/lib/avrxmega6\libc.a(strnlen_P.o)
                              c:/program files (x86)/atmel/studio/7.0/toolchain/avr8/avr8-gnu-toolchain/bin/../lib/gcc/avr/5.4.0/../../../../avr/lib/avrxmega6\libc.a(vfprintf_std.o) (strnlen_P)
c:/program files (x86)/atmel/studio/7.0/toolchain/avr8/avr8-gnu-toolchain/bin/../lib/gcc/avr/5.4.0/../../../../avr/lib/avrxmega6\libc.a(memset.o)
                              c:/program files (x86)/atmel/studio/7.0/toolchain/avr8/avr8-gnu-toolchain/bin/../lib/gcc/avr/5.4.0/../../../../avr/lib/avrxmega6\libc.a(calloc.o) (memset)
c:/program files (x86)/atmel/studio/7.0/toolchain/avr8/avr8-gnu-toolchain/bin/../lib/gcc/avr/5.4.0/../../../../avr/lib/avrxmega6\libc.a(strnlen.o)
                              c:/program files (x86)/atmel/studio/7.0/toolchain/avr8/avr8-gnu-toolchain/bin/../lib/gcc/avr/5.4.0/../../../../avr/lib/avrxmega6\libc.a(vfprintf_std.o) (strnlen)
c:/program files (x86)/atmel/studio/7.0/toolchain/avr8/avr8-gnu-toolchain/bin/../lib/gcc/avr/5.4.0/../../../../avr/lib/avrxmega6\libc.a(fputc.o)
                              c:/program files (x86)/atmel/studio/7.0/toolchain/avr8/avr8-gnu-toolchain/bin/../lib/gcc/avr/5.4.0/../../../../avr/lib/avrxmega6\libc.a(vfprintf_std.o) (fputc)
c:/program files (x86)/atmel/studio/7.0/toolchain/avr8/avr8-gnu-toolchain/bin/../lib/gcc/avr/5.4.0/../../../../avr/lib/avrxmega6\libc.a(ultoa_invert.o)
                              c:/program files (x86)/atmel/studio/7.0/toolchain/avr8/avr8-gnu-toolchain/bin/../lib/gcc/avr/5.4.0/../../../../avr/lib/avrxmega6\libc.a(vfprintf_std.o) (__ultoa_invert)

Allocating common symbols
Common symbol       size              file

ucg_ccs_box         0x54              csrc/ucg_box.o
curr_ucg            0x2               ucglib_xmega_hal.o
__brkval            0x2               c:/program files (x86)/atmel/studio/7.0/toolchain/avr8/avr8-gnu-toolchain/bin/../lib/gcc/avr/5.4.0/../../../../avr/lib/avrxmega6\libc.a(malloc.o)
ucg_pg              0x3a              csrc/ucg_polygon.o
[...]
Memory Configuration

Name             Origin             Length             Attributes
text             0x00000000         0x00100000         xr
data             0x00802000         0x0000ffa0         rw !x
eeprom           0x00810000         0x00010000         rw !x
fuse             0x00820000         0x00000006         rw !x
lock             0x00830000         0x00000400         rw !x
signature        0x00840000         0x00000400         rw !x
user_signatures  0x00850000         0x00000400         rw !x
*default*        0x00000000         0xffffffff

Linker script and memory map

LOAD C:/Program Files (x86)/Atmel/Studio/7.0/Packs/atmel/XMEGAA_DFP/1.1.68/gcc/dev/atxmega256a3u/avrxmega6/crtatxmega256a3u.o
LOAD clock.o
LOAD csrc/ucg_bitmap.o
LOAD csrc/ucg_box.o
LOAD csrc/ucg_ccs.o
LOAD csrc/ucg_circle.o
LOAD csrc/ucg_clip.o
LOAD csrc/ucg_com_msg_api.o
LOAD csrc/ucg_dev_default_cb.o
LOAD csrc/ucg_dev_ic_hx8352c.o
LOAD csrc/ucg_dev_ic_ili9163.o
LOAD csrc/ucg_dev_ic_ili9325.o
LOAD csrc/ucg_dev_ic_ili9325_spi.o
LOAD csrc/ucg_dev_ic_ili9341.o
LOAD csrc/ucg_dev_ic_ili9486.o
LOAD csrc/ucg_dev_ic_ld50t6160.o
LOAD csrc/ucg_dev_ic_pcf8833.o
LOAD csrc/ucg_dev_ic_seps225.o
LOAD csrc/ucg_dev_ic_ssd1289.o
LOAD csrc/ucg_dev_ic_ssd1331.o
LOAD csrc/ucg_dev_ic_ssd1351.o
LOAD csrc/ucg_dev_ic_st7735.o
LOAD csrc/ucg_dev_msg_api.o
LOAD csrc/ucg_dev_oled_128x128_ft.o
LOAD csrc/ucg_dev_oled_128x128_ilsoft.o
LOAD csrc/ucg_dev_oled_128x128_univision.o
LOAD csrc/ucg_dev_oled_160x128_samsung.o
LOAD csrc/ucg_dev_oled_96x64_univision.o
LOAD csrc/ucg_dev_tft_128x128_ili9163.o
LOAD csrc/ucg_dev_tft_128x160_st7735.o
LOAD csrc/ucg_dev_tft_132x132_pcf8833.o
LOAD csrc/ucg_dev_tft_240x320_ili9325_spi.o
LOAD csrc/ucg_dev_tft_240x320_ili9341.o
LOAD csrc/ucg_dev_tft_240x320_itdb02.o
LOAD csrc/ucg_dev_tft_240x320_ssd1289.o
LOAD csrc/ucg_dev_tft_240x400_hx8352c.o
LOAD csrc/ucg_dev_tft_320x480_ili9486.o
LOAD csrc/ucg_font.o
LOAD csrc/ucg_init.o
LOAD csrc/ucg_line.o
LOAD csrc/ucg_pixel.o
LOAD csrc/ucg_pixel_font_data.o
LOAD csrc/ucg_polygon.o
LOAD csrc/ucg_rotate.o
LOAD csrc/ucg_scale.o
LOAD csrc/ucg_vector_font_data.o
LOAD main.o
LOAD ucglib_xmega_hal.o
START GROUP
LOAD c:/program files (x86)/atmel/studio/7.0/toolchain/avr8/avr8-gnu-toolchain/bin/../lib/gcc/avr/5.4.0/../../../../avr/lib/avrxmega6\libm.a
END GROUP
START GROUP
LOAD c:/program files (x86)/atmel/studio/7.0/toolchain/avr8/avr8-gnu-toolchain/bin/../lib/gcc/avr/5.4.0/avrxmega6\libgcc.a
LOAD c:/program files (x86)/atmel/studio/7.0/toolchain/avr8/avr8-gnu-toolchain/bin/../lib/gcc/avr/5.4.0/../../../../avr/lib/avrxmega6\libm.a
LOAD c:/program files (x86)/atmel/studio/7.0/toolchain/avr8/avr8-gnu-toolchain/bin/../lib/gcc/avr/5.4.0/../../../../avr/lib/avrxmega6\libc.a
LOAD C:/Program Files (x86)/Atmel/Studio/7.0/Packs/atmel/XMEGAA_DFP/1.1.68/gcc/dev/atxmega256a3u/avrxmega6\libatxmega256a3u.a
END GROUP
                0x00000000                __TEXT_REGION_ORIGIN__ = DEFINED (__TEXT_REGION_ORIGIN__)?__TEXT_REGION_ORIGIN__:0x0
                0x00802000                __DATA_REGION_ORIGIN__ = DEFINED (__DATA_REGION_ORIGIN__)?__DATA_REGION_ORIGIN__:0x802000
                0x00100000                __TEXT_REGION_LENGTH__ = DEFINED (__TEXT_REGION_LENGTH__)?__TEXT_REGION_LENGTH__:0x100000
                0x0000ffa0                __DATA_REGION_LENGTH__ = DEFINED (__DATA_REGION_LENGTH__)?__DATA_REGION_LENGTH__:0xffa0
                0x00010000                __EEPROM_REGION_LENGTH__ = DEFINED (__EEPROM_REGION_LENGTH__)?__EEPROM_REGION_LENGTH__:0x10000
                [0x00000006]                __FUSE_REGION_LENGTH__ = DEFINED (__FUSE_REGION_LENGTH__)?__FUSE_REGION_LENGTH__:0x400
                0x00000400                __LOCK_REGION_LENGTH__ = DEFINED (__LOCK_REGION_LENGTH__)?__LOCK_REGION_LENGTH__:0x400
                0x00000400                __SIGNATURE_REGION_LENGTH__ = DEFINED (__SIGNATURE_REGION_LENGTH__)?__SIGNATURE_REGION_LENGTH__:0x400
                0x00000400                __USER_SIGNATURE_REGION_LENGTH__ = DEFINED (__USER_SIGNATURE_REGION_LENGTH__)?__USER_SIGNATURE_REGION_LENGTH__:0x400

.hash
 *(.hash)

.dynsym
 *(.dynsym)

.dynstr
 *(.dynstr)

.gnu.version
 *(.gnu.version)

.gnu.version_d
 *(.gnu.version_d)

.gnu.version_r
 *(.gnu.version_r)

.rel.init
 *(.rel.init)

.rela.init
 *(.rela.init)

.rel.text
 *(.rel.text)
 *(.rel.text.*)
 *(.rel.gnu.linkonce.t*)

.rela.text
 *(.rela.text)
 *(.rela.text.*)
 *(.rela.gnu.linkonce.t*)

.rel.fini
 *(.rel.fini)

.rela.fini
 *(.rela.fini)

.rel.rodata
 *(.rel.rodata)
 *(.rel.rodata.*)
 *(.rel.gnu.linkonce.r*)

.rela.rodata
 *(.rela.rodata)
 *(.rela.rodata.*)
 *(.rela.gnu.linkonce.r*)

.rel.data
 *(.rel.data)
 *(.rel.data.*)
 *(.rel.gnu.linkonce.d*)

.rela.data
 *(.rela.data)
 *(.rela.data.*)
 *(.rela.gnu.linkonce.d*)

.rel.ctors
 *(.rel.ctors)

.rela.ctors
 *(.rela.ctors)

.rel.dtors
 *(.rel.dtors)

.rela.dtors
 *(.rela.dtors)

.rel.got
 *(.rel.got)

.rela.got
 *(.rela.got)

.rel.bss
 *(.rel.bss)

.rela.bss
 *(.rela.bss)

.rel.plt
 *(.rel.plt)

.rela.plt
 *(.rela.plt)

.text           0x00000000     0x4394
 *(.vectors)
 .vectors       0x00000000      0x1fc C:/Program Files (x86)/Atmel/Studio/7.0/Packs/atmel/XMEGAA_DFP/1.1.68/gcc/dev/atxmega256a3u/avrxmega6/crtatxmega256a3u.o
                0x00000000                __vector_default
                0x00000000                __vectors
 *(.vectors)
 *(.progmem.gcc*)
 .progmem.gcc_sw_table.ucg_com_SendCmdSeq
                0x000001fc       0x1e csrc/ucg_com_msg_api.o
 .progmem.gcc_sw_table.ucg_comm_xmega
                0x0000021a       0x16 ucglib_xmega_hal.o
                0x00000230                . = ALIGN (0x2)
                0x00000230                __trampolines_start = .
 *(.trampolines)
 .trampolines   0x00000230       0x6c linker stubs
 *(.trampolines*)
                0x0000029c                __trampolines_end = .
 *libprintf_flt.a:*(.progmem.data)
 *libc.a:*(.progmem.data)
 *(.progmem*)
 .progmem.data.ucg_st7735_power_down_seq
                0x0000029c        0x7 csrc/ucg_dev_ic_st7735.o
 .progmem.data.ucg_st7735_set_pos_dir3_seq
                0x000002a3       0x24 csrc/ucg_dev_ic_st7735.o
                0x000002a3                ucg_st7735_set_pos_dir3_seq
 .progmem.data.ucg_st7735_set_pos_dir2_seq
                0x000002c7       0x21 csrc/ucg_dev_ic_st7735.o
                0x000002c7                ucg_st7735_set_pos_dir2_seq
 .progmem.data.ucg_st7735_set_pos_dir1_seq
                0x000002e8       0x21 csrc/ucg_dev_ic_st7735.o
                0x000002e8                ucg_st7735_set_pos_dir1_seq
 .progmem.data.ucg_st7735_set_pos_dir0_seq
                0x00000309       0x1e csrc/ucg_dev_ic_st7735.o
                0x00000309                ucg_st7735_set_pos_dir0_seq
 .progmem.data.ucg_st7735_set_pos_seq
                0x00000327       0x1e csrc/ucg_dev_ic_st7735.o
                0x00000327                ucg_st7735_set_pos_seq
 .progmem.data.ucg_tft_128x160_st7735_init_seq
                0x00000345       0x2c csrc/ucg_dev_tft_128x160_st7735.o
 .progmem.ucg_font_ncenB18_hf
                0x00000371     0x193a csrc/ucg_pixel_font_data.o
                0x00000371                ucg_font_ncenB18_hf
                0x00001cac                . = ALIGN (0x2)
 *fill*         0x00001cab        0x1 
 *(.jumptables)
 *(.jumptables*)
 *(.lowtext)
 *(.lowtext*)
                0x00001cac                __ctors_start = .
 *(.ctors)
                0x00001cac                __ctors_end = .
                0x00001cac                __dtors_start = .
 *(.dtors)
                0x00001cac                __dtors_end = .
 SORT(*)(.ctors)
 SORT(*)(.dtors)
 *(.init0)
 .init0         0x00001cac        0x0 C:/Program Files (x86)/Atmel/Studio/7.0/Packs/atmel/XMEGAA_DFP/1.1.68/gcc/dev/atxmega256a3u/avrxmega6/crtatxmega256a3u.o
                0x00001cac                __init
 *(.init0)
 *(.init1)
 *(.init1)
 *(.init2)
 .init2         0x00001cac       0x10 C:/Program Files (x86)/Atmel/Studio/7.0/Packs/atmel/XMEGAA_DFP/1.1.68/gcc/dev/atxmega256a3u/avrxmega6/crtatxmega256a3u.o
 *(.init2)
 *(.init3)
 *(.init3)
 *(.init4)
 .init4         0x00001cbc       0x1a c:/program files (x86)/atmel/studio/7.0/toolchain/avr8/avr8-gnu-toolchain/bin/../lib/gcc/avr/5.4.0/avrxmega6\libgcc.a(_copy_data.o)
                0x00001cbc                __do_copy_data
 .init4         0x00001cd6       0x10 c:/program files (x86)/atmel/studio/7.0/toolchain/avr8/avr8-gnu-toolchain/bin/../lib/gcc/avr/5.4.0/avrxmega6\libgcc.a(_clear_bss.o)
                0x00001cd6                __do_clear_bss
 *(.init4)
 *(.init5)
 *(.init5)
 *(.init6)
 *(.init6)
 *(.init7)
 *(.init7)
 *(.init8)
 *(.init8)
 *(.init9)
 .init9         0x00001ce6        0x8 C:/Program Files (x86)/Atmel/Studio/7.0/Packs/atmel/XMEGAA_DFP/1.1.68/gcc/dev/atxmega256a3u/avrxmega6/crtatxmega256a3u.o
 *(.init9)
 *(.text)
 .text          0x00001cee        0x4 C:/Program Files (x86)/Atmel/Studio/7.0/Packs/atmel/XMEGAA_DFP/1.1.68/gcc/dev/atxmega256a3u/avrxmega6/crtatxmega256a3u.o
                0x00001cee                __vector_38
                0x00001cee                __vector_104
                0x00001cee                __vector_22
                0x00001cee                __vector_63
                0x00001cee                __vector_28
                0x00001cee                __vector_67
                0x00001cee                __vector_1
                0x00001cee                __vector_119
                0x00001cee                __vector_32
                0x00001cee                __vector_75
                0x00001cee                __vector_71
                0x00001cee                __vector_91
                0x00001cee                __vector_62
                0x00001cee                __vector_77
                0x00001cee                __vector_102
                0x00001cee                __vector_24
                0x00001cee                __vector_12
                0x00001cee                __vector_55
                0x00001cee                __vector_69
                0x00001cee                __vector_81
                0x00001cee                __vector_90
                0x00001cee                __vector_46
                0x00001cee                __bad_interrupt
                0x00001cee                __vector_122
                0x00001cee                __vector_72
                0x00001cee                __vector_114
                0x00001cee                __vector_6
                0x00001cee                __vector_110
                0x00001cee                __vector_31
                0x00001cee                __vector_92
                0x00001cee                __vector_35
                0x00001cee                __vector_78
                0x00001cee                __vector_74
                0x00001cee                __vector_117
                0x00001cee                __vector_39
                0x00001cee                __vector_107
                0x00001cee                __vector_3
                0x00001cee                __vector_105
                0x00001cee                __vector_98
                0x00001cee                __vector_23
                0x00001cee                __vector_68
                0x00001cee                __vector_30
                0x00001cee                __vector_73
                0x00001cee                __vector_45
                0x00001cee                __vector_25
                0x00001cee                __vector_93
                0x00001cee                __vector_61
                0x00001cee                __vector_11
                0x00001cee                __vector_54
                0x00001cee                __vector_99
                0x00001cee                __vector_13
                0x00001cee                __vector_17
                0x00001cee                __vector_19
                0x00001cee                __vector_56
                0x00001cee                __vector_7
                0x00001cee                __vector_125
                0x00001cee                __vector_49
                0x00001cee                __vector_123
                0x00001cee                __vector_41
                0x00001cee                __vector_86
                0x00001cee                __vector_100
                0x00001cee                __vector_101
                0x00001cee                __vector_64
                0x00001cee                __vector_88
                0x00001cee                __vector_109
                0x00001cee                __vector_43
                0x00001cee                __vector_27
                0x00001cee                __vector_5
                0x00001cee                __vector_113
                0x00001cee                __vector_33
                0x00001cee                __vector_76
                0x00001cee                __vector_115
                0x00001cee                __vector_52
                0x00001cee                __vector_37
                0x00001cee                __vector_95
                0x00001cee                __vector_103
                0x00001cee                __vector_96
                0x00001cee                __vector_89
                0x00001cee                __vector_108
                0x00001cee                __vector_4
                0x00001cee                __vector_44
                0x00001cee                __vector_82
                0x00001cee                __vector_106
                0x00001cee                __vector_118
                0x00001cee                __vector_51
                0x00001cee                __vector_9
                0x00001cee                __vector_2
                0x00001cee                __vector_21
                0x00001cee                __vector_15
                0x00001cee                __vector_36
                0x00001cee                __vector_79
                0x00001cee                __vector_58
                0x00001cee                __vector_70
                0x00001cee                __vector_83
                0x00001cee                __vector_29
                0x00001cee                __vector_60
                0x00001cee                __vector_121
                0x00001cee                __vector_40
                0x00001cee                __vector_85
                0x00001cee                __vector_94
                0x00001cee                __vector_126
                0x00001cee                __vector_8
                0x00001cee                __vector_26
                0x00001cee                __vector_48
                0x00001cee                __vector_124
                0x00001cee                __vector_116
                0x00001cee                __vector_112
                0x00001cee                __vector_111
                0x00001cee                __vector_80
                0x00001cee                __vector_14
                0x00001cee                __vector_84
                0x00001cee                __vector_57
                0x00001cee                __vector_53
                0x00001cee                __vector_10
                0x00001cee                __vector_50
                0x00001cee                __vector_16
                0x00001cee                __vector_59
                0x00001cee                __vector_18
                0x00001cee                __vector_97
                0x00001cee                __vector_20
                0x00001cee                __vector_42
                0x00001cee                __vector_87
                0x00001cee                __vector_65
                0x00001cee                __vector_120
                0x00001cf2                . = ALIGN (0x2)
 *(.text.*)
 .text.Config32MHzClock_Ext16M
                0x00001cf2       0x44 clock.o
                0x00001cf2                Config32MHzClock_Ext16M
 .text.ucg_DrawBox
                0x00001d36       0x50 csrc/ucg_box.o
                0x00001d36                ucg_DrawBox
 .text.ucg_ClearScreen
                0x00001d86       0x4a csrc/ucg_box.o
                0x00001d86                ucg_ClearScreen
 .text.ucg_ccs_init
                0x00001dd0       0x72 csrc/ucg_ccs.o
                0x00001dd0                ucg_ccs_init
 .text.ucg_ccs_step
                0x00001e42       0x34 csrc/ucg_ccs.o
                0x00001e42                ucg_ccs_step
 .text.ucg_ccs_seek
                0x00001e76       0x72 csrc/ucg_ccs.o
                0x00001e76                ucg_ccs_seek
 .text.ucg_clip_is_x_visible
                0x00001ee8       0x2e csrc/ucg_clip.o
 .text.ucg_clip_is_y_visible
                0x00001f16       0x2e csrc/ucg_clip.o
 .text.ucg_clip_intersection
                0x00001f44       0x50 csrc/ucg_clip.o
 .text.ucg_clip_is_pixel_visible
                0x00001f94       0x28 csrc/ucg_clip.o
                0x00001f94                ucg_clip_is_pixel_visible
 .text.ucg_clip_l90fx
                0x00001fbc      0x224 csrc/ucg_clip.o
                0x00001fbc                ucg_clip_l90fx
 .text.ucg_clip_l90se
                0x000021e0       0x48 csrc/ucg_clip.o
                0x000021e0                ucg_clip_l90se
 .text.ucg_com_PowerDown
                0x00002228       0x36 csrc/ucg_com_msg_api.o
                0x00002228                ucg_com_PowerDown
 .text.ucg_com_PowerUp
                0x0000225e       0x62 csrc/ucg_com_msg_api.o
                0x0000225e                ucg_com_PowerUp
 .text.ucg_com_SetLineStatus
                0x000022c0       0x9a csrc/ucg_com_msg_api.o
                0x000022c0                ucg_com_SetLineStatus
 .text.ucg_com_SetResetLineStatus
                0x0000235a        0xa csrc/ucg_com_msg_api.o
                0x0000235a                ucg_com_SetResetLineStatus
 .text.ucg_com_SetCSLineStatus
                0x00002364        0xa csrc/ucg_com_msg_api.o
                0x00002364                ucg_com_SetCSLineStatus
 .text.ucg_com_SetCDLineStatus
                0x0000236e        0xa csrc/ucg_com_msg_api.o
                0x0000236e                ucg_com_SetCDLineStatus
 .text.ucg_com_DelayMicroseconds
                0x00002378       0x18 csrc/ucg_com_msg_api.o
                0x00002378                ucg_com_DelayMicroseconds
 .text.ucg_com_DelayMilliseconds
                0x00002390       0x28 csrc/ucg_com_msg_api.o
                0x00002390                ucg_com_DelayMilliseconds
 .text.ucg_com_SendByte
                0x000023b8       0x1a csrc/ucg_com_msg_api.o
                0x000023b8                ucg_com_SendByte
 .text.ucg_com_SendStringP
                0x000023d2       0x48 csrc/ucg_com_msg_api.o
                0x000023d2                ucg_com_SendStringP
 .text.ucg_com_SendCmdSeq
                0x0000241a      0x1ee csrc/ucg_com_msg_api.o
                0x0000241a                ucg_com_SendCmdSeq
 .text.ucg_dev_default_cb
                0x00002608       0x3c csrc/ucg_dev_default_cb.o
                0x00002608                ucg_dev_default_cb
 .text.ucg_ext_none
                0x00002644        0x6 csrc/ucg_dev_default_cb.o
                0x00002644                ucg_ext_none
 .text.ucg_handle_st7735_l90fx
                0x0000264a       0xe4 csrc/ucg_dev_ic_st7735.o
                0x0000264a                ucg_handle_st7735_l90fx
 .text.ucg_handle_st7735_l90se
                0x0000272e      0x190 csrc/ucg_dev_ic_st7735.o
                0x0000272e                ucg_handle_st7735_l90se
 .text.ucg_dev_ic_st7735_18
                0x000028be       0xe0 csrc/ucg_dev_ic_st7735.o
                0x000028be                ucg_dev_ic_st7735_18
 .text.ucg_ext_st7735_18
                0x0000299e       0x10 csrc/ucg_dev_ic_st7735.o
                0x0000299e                ucg_ext_st7735_18
 .text.ucg_PowerDown
                0x000029ae       0x2a csrc/ucg_dev_msg_api.o
                0x000029ae                ucg_PowerDown
 .text.ucg_PowerUp
                0x000029d8       0x2a csrc/ucg_dev_msg_api.o
                0x000029d8                ucg_PowerUp
 .text.ucg_SetClipBox
                0x00002a02       0x14 csrc/ucg_dev_msg_api.o
                0x00002a02                ucg_SetClipBox
 .text.ucg_SetMaxClipRange
                0x00002a16       0x3e csrc/ucg_dev_msg_api.o
                0x00002a16                ucg_SetMaxClipRange
 .text.ucg_GetDimension
                0x00002a54       0x22 csrc/ucg_dev_msg_api.o
                0x00002a54                ucg_GetDimension
 .text.ucg_DrawL90FXWithArg
                0x00002a76       0x18 csrc/ucg_dev_msg_api.o
                0x00002a76                ucg_DrawL90FXWithArg
 .text.ucg_dev_st7735_18x128x160
                0x00002a8e       0x60 csrc/ucg_dev_tft_128x160_st7735.o
                0x00002a8e                ucg_dev_st7735_18x128x160
 .text.ucg_font_get_word
                0x00002aee       0x18 csrc/ucg_font.o
 .text.ucg_add_vector_y
                0x00002b06       0x34 csrc/ucg_font.o
 .text.ucg_add_vector_x
                0x00002b3a       0x34 csrc/ucg_font.o
 .text.ucg_font_calc_vref_font
                0x00002b6e        0x6 csrc/ucg_font.o
                0x00002b6e                ucg_font_calc_vref_font
 .text.ucg_read_font_info
                0x00002b74       0xb2 csrc/ucg_font.o
                0x00002b74                ucg_read_font_info
 .text.ucg_font_decode_get_unsigned_bits
                0x00002c26       0x60 csrc/ucg_font.o
                0x00002c26                ucg_font_decode_get_unsigned_bits
 .text.ucg_font_setup_decode
                0x00002c86       0x44 csrc/ucg_font.o
 .text.ucg_font_decode_get_signed_bits
                0x00002cca       0x1e csrc/ucg_font.o
                0x00002cca                ucg_font_decode_get_signed_bits
 .text.ucg_font_decode_len
                0x00002ce8       0xdc csrc/ucg_font.o
                0x00002ce8                ucg_font_decode_len
 .text.ucg_font_decode_glyph
                0x00002dc4      0x10a csrc/ucg_font.o
                0x00002dc4                ucg_font_decode_glyph
 .text.ucg_font_get_glyph_data
                0x00002ece       0x7a csrc/ucg_font.o
                0x00002ece                ucg_font_get_glyph_data
 .text.ucg_font_draw_glyph
                0x00002f48       0x42 csrc/ucg_font.o
                0x00002f48                ucg_font_draw_glyph
 .text.ucg_SetFontMode
                0x00002f8a        0xa csrc/ucg_font.o
                0x00002f8a                ucg_SetFontMode
 .text.ucg_DrawGlyph
                0x00002f94       0x94 csrc/ucg_font.o
                0x00002f94                ucg_DrawGlyph
 .text.ucg_UpdateRefHeight
                0x00003028       0x88 csrc/ucg_font.o
                0x00003028                ucg_UpdateRefHeight
 .text.ucg_SetFontPosBaseline
                0x000030b0       0x10 csrc/ucg_font.o
                0x000030b0                ucg_SetFontPosBaseline
 .text.ucg_SetFont
                0x000030c0       0x2e csrc/ucg_font.o
                0x000030c0                ucg_SetFont
 .text.ucg_init_struct
                0x000030ee       0x34 csrc/ucg_init.o
                0x000030ee                ucg_init_struct
 .text.ucg_Init
                0x00003122       0x60 csrc/ucg_init.o
                0x00003122                ucg_Init
 .text.ucg_Draw90Line
                0x00003182       0x50 csrc/ucg_line.o
                0x00003182                ucg_Draw90Line
 .text.ucg_DrawHLine
                0x000031d2       0x26 csrc/ucg_line.o
                0x000031d2                ucg_DrawHLine
 .text.ucg_SetColor
                0x000031f8       0x1e csrc/ucg_pixel.o
                0x000031f8                ucg_SetColor
 .text.ucg_dev_rotate90
                0x00003216       0xec csrc/ucg_rotate.o
                0x00003216                ucg_dev_rotate90
 .text.ucg_UndoRotate
                0x00003302       0x28 csrc/ucg_rotate.o
                0x00003302                ucg_UndoRotate
 .text.ucg_SetRotate90
                0x0000332a       0x2c csrc/ucg_rotate.o
                0x0000332a                ucg_SetRotate90
 .text.__vector_47
                0x00003356      0x1cc main.o
                0x00003356                __vector_47
 .text.__vector_66
                0x00003522      0x112 main.o
                0x00003522                __vector_66
 .text.__vector_34
                0x00003634      0x140 main.o
                0x00003634                __vector_34
 .text.clock    0x00003774       0x24 main.o
                0x00003774                clock
 .text.prepare_screen
                0x00003798       0x3c main.o
                0x00003798                prepare_screen
 .text.main     0x000037d4       0x5a main.o
                0x000037d4                main
 .text.xmega_transfer
                0x0000382e       0x10 ucglib_xmega_hal.o
 .text.ucg_Putc
                0x0000383e       0x7a ucglib_xmega_hal.o
 .text.ucg_SetPrintPos
                0x000038b8       0x1e ucglib_xmega_hal.o
                0x000038b8                ucg_SetPrintPos
 .text.ucg_Print
                0x000038d6       0x38 ucglib_xmega_hal.o
                0x000038d6                ucg_Print
 .text.ucg_PrintInit
                0x0000390e       0x54 ucglib_xmega_hal.o
                0x0000390e                ucg_PrintInit
 .text.ucg_comm_xmega
                0x00003962      0x148 ucglib_xmega_hal.o
                0x00003962                ucg_comm_xmega
 .text.libgcc.div
                0x00003aaa       0x28 c:/program files (x86)/atmel/studio/7.0/toolchain/avr8/avr8-gnu-toolchain/bin/../lib/gcc/avr/5.4.0/avrxmega6\libgcc.a(_divmodhi4.o)
                0x00003aaa                _div
                0x00003aaa                __divmodhi4
 .text.libgcc   0x00003ad2       0x10 c:/program files (x86)/atmel/studio/7.0/toolchain/avr8/avr8-gnu-toolchain/bin/../lib/gcc/avr/5.4.0/avrxmega6\libgcc.a(_tablejump2.o)
                0x00003ad2                __tablejump2__
 .text.libgcc.div
                0x00003ae2       0x28 c:/program files (x86)/atmel/studio/7.0/toolchain/avr8/avr8-gnu-toolchain/bin/../lib/gcc/avr/5.4.0/avrxmega6\libgcc.a(_udivmodhi4.o)
                0x00003ae2                __udivmodhi4
 .text.avr-libc
                0x00003b0a      0x242 c:/program files (x86)/atmel/studio/7.0/toolchain/avr8/avr8-gnu-toolchain/bin/../lib/gcc/avr/5.4.0/../../../../avr/lib/avrxmega6\libc.a(malloc.o)
                0x00003b0a                malloc
                0x00003c3a                free
 .text.avr-libc
                0x00003d4c       0x96 c:/program files (x86)/atmel/studio/7.0/toolchain/avr8/avr8-gnu-toolchain/bin/../lib/gcc/avr/5.4.0/../../../../avr/lib/avrxmega6\libc.a(fdevopen.o)
                0x00003d4c                fdevopen
 .text.avr-libc
                0x00003de2      0x408 c:/program files (x86)/atmel/studio/7.0/toolchain/avr8/avr8-gnu-toolchain/bin/../lib/gcc/avr/5.4.0/../../../../avr/lib/avrxmega6\libc.a(vfprintf_std.o)
                0x00003de2                vfprintf
 .text.avr-libc
                0x000041ea       0x38 c:/program files (x86)/atmel/studio/7.0/toolchain/avr8/avr8-gnu-toolchain/bin/../lib/gcc/avr/5.4.0/../../../../avr/lib/avrxmega6\libc.a(calloc.o)
                0x000041ea                calloc
 .text.avr-libc
                0x00004222       0x16 c:/program files (x86)/atmel/studio/7.0/toolchain/avr8/avr8-gnu-toolchain/bin/../lib/gcc/avr/5.4.0/../../../../avr/lib/avrxmega6\libc.a(strnlen_P.o)
                0x00004222                strnlen_P
 .text.avr-libc
                0x00004238        0xe c:/program files (x86)/atmel/studio/7.0/toolchain/avr8/avr8-gnu-toolchain/bin/../lib/gcc/avr/5.4.0/../../../../avr/lib/avrxmega6\libc.a(memset.o)
                0x00004238                memset
 .text.avr-libc
                0x00004246       0x16 c:/program files (x86)/atmel/studio/7.0/toolchain/avr8/avr8-gnu-toolchain/bin/../lib/gcc/avr/5.4.0/../../../../avr/lib/avrxmega6\libc.a(strnlen.o)
                0x00004246                strnlen
 .text.avr-libc
                0x0000425c       0x78 c:/program files (x86)/atmel/studio/7.0/toolchain/avr8/avr8-gnu-toolchain/bin/../lib/gcc/avr/5.4.0/../../../../avr/lib/avrxmega6\libc.a(fputc.o)
                0x0000425c                fputc
 .text.avr-libc
                0x000042d4       0xbc c:/program files (x86)/atmel/studio/7.0/toolchain/avr8/avr8-gnu-toolchain/bin/../lib/gcc/avr/5.4.0/../../../../avr/lib/avrxmega6\libc.a(ultoa_invert.o)
                0x000042d4                __ultoa_invert
                0x00004390                . = ALIGN (0x2)
 *(.fini9)
 .fini9         0x00004390        0x0 c:/program files (x86)/atmel/studio/7.0/toolchain/avr8/avr8-gnu-toolchain/bin/../lib/gcc/avr/5.4.0/avrxmega6\libgcc.a(_exit.o)
                0x00004390                _exit
                0x00004390                exit
 *(.fini9)
 *(.fini8)
 *(.fini8)
 *(.fini7)
 *(.fini7)
 *(.fini6)
 *(.fini6)
 *(.fini5)
 *(.fini5)
 *(.fini4)
 *(.fini4)
 *(.fini3)
 *(.fini3)
 *(.fini2)
 *(.fini2)
 *(.fini1)
 *(.fini1)
 *(.fini0)
 .fini0         0x00004390        0x4 c:/program files (x86)/atmel/studio/7.0/toolchain/avr8/avr8-gnu-toolchain/bin/../lib/gcc/avr/5.4.0/avrxmega6\libgcc.a(_exit.o)
 *(.fini0)
                0x00004394                _etext = .

.data           0x00802000       0x20 load address 0x00004394
                0x00802000                PROVIDE (__data_start, .)
 *(.data)
 .data          0x00802000        0x6 c:/program files (x86)/atmel/studio/7.0/toolchain/avr8/avr8-gnu-toolchain/bin/../lib/gcc/avr/5.4.0/../../../../avr/lib/avrxmega6\libc.a(malloc.o)
                0x00802000                __malloc_heap_end
                0x00802002                __malloc_heap_start
                0x00802004                __malloc_margin
 *(.data*)
 .data.th       0x00802006        0x2 main.o
                0x00802006                th
 .data.h        0x00802008        0x2 main.o
                0x00802008                h
 .data.s        0x0080200a        0x2 main.o
                0x0080200a                s
 *(.gnu.linkonce.d*)
 *(.rodata)
 *(.rodata*)
 .rodata.str1.1
                0x0080200c       0x13 main.o
 *(.gnu.linkonce.r*)
                0x00802020                . = ALIGN (0x2)
 *fill*         0x0080201f        0x1 
                0x00802020                _edata = .
                0x00802020                PROVIDE (__data_end, .)

.bss            0x00802020       0xa9
                0x00802020                PROVIDE (__bss_start, .)
 *(.bss)
 *(.bss*)
 .bss.t         0x00802020        0x2 main.o
                0x00802020                t
 .bss.m         0x00802022        0x2 main.o
                0x00802022                m
 .bss.ts        0x00802024        0x2 main.o
                0x00802024                ts
 *(COMMON)
 COMMON         0x00802026       0x97 main.o
                0x00802026                ucg
 COMMON         0x008020bd        0x2 ucglib_xmega_hal.o
                0x008020bd                curr_ucg
 COMMON         0x008020bf        0x4 c:/program files (x86)/atmel/studio/7.0/toolchain/avr8/avr8-gnu-toolchain/bin/../lib/gcc/avr/5.4.0/../../../../avr/lib/avrxmega6\libc.a(malloc.o)
                0x008020bf                __brkval
                0x008020c1                __flp
 COMMON         0x008020c3        0x6 c:/program files (x86)/atmel/studio/7.0/toolchain/avr8/avr8-gnu-toolchain/bin/../lib/gcc/avr/5.4.0/../../../../avr/lib/avrxmega6\libc.a(iob.o)
                0x008020c3                __iob
                0x008020c9                PROVIDE (__bss_end, .)
                0x00004394                __data_load_start = LOADADDR (.data)
                0x000043b4                __data_load_end = (__data_load_start + SIZEOF (.data))

.noinit         0x008020c9        0x0
                [!provide]                PROVIDE (__noinit_start, .)
 *(.noinit*)
                [!provide]                PROVIDE (__noinit_end, .)
                0x008020c9                _end = .
                0x008020c9                PROVIDE (__heap_start, .)

.eeprom         0x00810000        0x0
 *(.eeprom*)
                0x00810000                __eeprom_end = .

.fuse
 *(.fuse)
 *(.lfuse)
 *(.hfuse)
 *(.efuse)

.lock
 *(.lock*)

.signature
 *(.signature*)

.user_signatures
 *(.user_signatures*)

.stab
 *(.stab)

.stabstr
 *(.stabstr)

.stab.excl
 *(.stab.excl)

.stab.exclstr
 *(.stab.exclstr)

.stab.index
 *(.stab.index)

.stab.indexstr
 *(.stab.indexstr)

.comment        0x00000000       0x5c
 *(.comment)
 .comment       0x00000000       0x30 clock.o
                                 0x31 (size before relaxing)
 .comment       0x00000030       0x31 csrc/ucg_box.o
 .comment       0x00000030       0x31 csrc/ucg_ccs.o
 .comment       0x00000030       0x31 csrc/ucg_clip.o
 .comment       0x00000030       0x31 csrc/ucg_com_msg_api.o
 .comment       0x00000030       0x31 csrc/ucg_dev_default_cb.o
 .comment       0x00000030       0x31 csrc/ucg_dev_ic_st7735.o
 .comment       0x00000030       0x31 csrc/ucg_dev_msg_api.o
 .comment       0x00000030       0x31 csrc/ucg_dev_tft_128x160_st7735.o
 .comment       0x00000030       0x31 csrc/ucg_font.o
 .comment       0x00000030       0x31 csrc/ucg_init.o
 .comment       0x00000030       0x31 csrc/ucg_line.o
 .comment       0x00000030       0x31 csrc/ucg_pixel.o
 .comment       0x00000030       0x31 csrc/ucg_pixel_font_data.o
 .comment       0x00000030       0x31 csrc/ucg_rotate.o
 .comment       0x00000030       0x31 main.o
 .comment       0x00000030       0x31 ucglib_xmega_hal.o
 .comment       0x00000030       0x31 c:/program files (x86)/atmel/studio/7.0/toolchain/avr8/avr8-gnu-toolchain/bin/../lib/gcc/avr/5.4.0/../../../../avr/lib/avrxmega6\libc.a(malloc.o)
 .comment       0x00000030       0x31 c:/program files (x86)/atmel/studio/7.0/toolchain/avr8/avr8-gnu-toolchain/bin/../lib/gcc/avr/5.4.0/../../../../avr/lib/avrxmega6\libc.a(fdevopen.o)
 .comment       0x00000030       0x31 c:/program files (x86)/atmel/studio/7.0/toolchain/avr8/avr8-gnu-toolchain/bin/../lib/gcc/avr/5.4.0/../../../../avr/lib/avrxmega6\libc.a(iob.o)
 .comment       0x00000030       0x2c c:/program files (x86)/atmel/studio/7.0/toolchain/avr8/avr8-gnu-toolchain/bin/../lib/gcc/avr/5.4.0/../../../../avr/lib/avrxmega6\libc.a(vfprintf_std.o)
                                 0x2d (size before relaxing)
 .comment       0x0000005c       0x31 c:/program files (x86)/atmel/studio/7.0/toolchain/avr8/avr8-gnu-toolchain/bin/../lib/gcc/avr/5.4.0/../../../../avr/lib/avrxmega6\libc.a(calloc.o)
 .comment       0x0000005c       0x31 c:/program files (x86)/atmel/studio/7.0/toolchain/avr8/avr8-gnu-toolchain/bin/../lib/gcc/avr/5.4.0/../../../../avr/lib/avrxmega6\libc.a(fputc.o)

.note.gnu.avr.deviceinfo
                0x00000000       0x40
 .note.gnu.avr.deviceinfo
                0x00000000       0x40 C:/Program Files (x86)/Atmel/Studio/7.0/Packs/atmel/XMEGAA_DFP/1.1.68/gcc/dev/atxmega256a3u/avrxmega6/crtatxmega256a3u.o

.note.gnu.build-id
 *(.note.gnu.build-id)

.debug
 *(.debug)

.line
 *(.line)

.debug_srcinfo
 *(.debug_srcinfo)

.debug_sfnames
 *(.debug_sfnames)

.debug_aranges  0x00000000      0x5b8
 *(.debug_aranges)
 .debug_aranges
                0x00000000       0x50 clock.o
 .debug_aranges
                0x00000050       0x48 csrc/ucg_box.o
 .debug_aranges
                0x00000098       0x30 csrc/ucg_ccs.o
 .debug_aranges
                0x000000c8       0x50 csrc/ucg_clip.o
 .debug_aranges
                0x00000118       0x98 csrc/ucg_com_msg_api.o
 .debug_aranges
                0x000001b0       0x48 csrc/ucg_dev_default_cb.o
 .debug_aranges
                0x000001f8       0x40 csrc/ucg_dev_ic_st7735.o
 .debug_aranges
                0x00000238       0x60 csrc/ucg_dev_msg_api.o
 .debug_aranges
                0x00000298       0x20 csrc/ucg_dev_tft_128x160_st7735.o
 .debug_aranges
                0x000002b8      0x158 csrc/ucg_font.o
 .debug_aranges
                0x00000410       0x28 csrc/ucg_init.o
 .debug_aranges
                0x00000438       0x48 csrc/ucg_line.o
 .debug_aranges
                0x00000480       0x28 csrc/ucg_pixel.o
 .debug_aranges
                0x000004a8       0x18 csrc/ucg_pixel_font_data.o
 .debug_aranges
                0x000004c0       0x50 csrc/ucg_rotate.o
 .debug_aranges
                0x00000510       0x50 main.o
 .debug_aranges
                0x00000560       0x58 ucglib_xmega_hal.o

.debug_pubnames
 *(.debug_pubnames)

.debug_info     0x00000000    0x149b2
 *(.debug_info .gnu.linkonce.wi.*)
 .debug_info    0x00000000     0x3409 C:/Program Files (x86)/Atmel/Studio/7.0/Packs/atmel/XMEGAA_DFP/1.1.68/gcc/dev/atxmega256a3u/avrxmega6/crtatxmega256a3u.o
 .debug_info    0x00003409      0x3a6 clock.o
 .debug_info    0x000037af     0x10e7 csrc/ucg_box.o
 .debug_info    0x00004896      0x1dc csrc/ucg_ccs.o
 .debug_info    0x00004a72      0xa29 csrc/ucg_clip.o
 .debug_info    0x0000549b     0x127f csrc/ucg_com_msg_api.o
 .debug_info    0x0000671a      0xc8c csrc/ucg_dev_default_cb.o
 .debug_info    0x000073a6      0xef4 csrc/ucg_dev_ic_st7735.o
 .debug_info    0x0000829a      0xa8e csrc/ucg_dev_msg_api.o
 .debug_info    0x00008d28      0x82d csrc/ucg_dev_tft_128x160_st7735.o
 .debug_info    0x00009555     0x1e44 csrc/ucg_font.o
 .debug_info    0x0000b399      0x847 csrc/ucg_init.o
 .debug_info    0x0000bbe0      0xb5d csrc/ucg_line.o
 .debug_info    0x0000c73d      0x7e0 csrc/ucg_pixel.o
 .debug_info    0x0000cf1d     0x4a2f csrc/ucg_pixel_font_data.o
 .debug_info    0x0001194c      0xd01 csrc/ucg_rotate.o
 .debug_info    0x0001264d     0x14b5 main.o
 .debug_info    0x00013b02      0xeb0 ucglib_xmega_hal.o

.debug_abbrev   0x00000000     0x50ad
 *(.debug_abbrev)
 .debug_abbrev  0x00000000     0x3148 C:/Program Files (x86)/Atmel/Studio/7.0/Packs/atmel/XMEGAA_DFP/1.1.68/gcc/dev/atxmega256a3u/avrxmega6/crtatxmega256a3u.o
 .debug_abbrev  0x00003148       0x9d clock.o
 .debug_abbrev  0x000031e5      0x192 csrc/ucg_box.o
 .debug_abbrev  0x00003377       0xf7 csrc/ucg_ccs.o
 .debug_abbrev  0x0000346e      0x1ca csrc/ucg_clip.o
 .debug_abbrev  0x00003638      0x2b0 csrc/ucg_com_msg_api.o
 .debug_abbrev  0x000038e8      0x1e6 csrc/ucg_dev_default_cb.o
 .debug_abbrev  0x00003ace      0x233 csrc/ucg_dev_ic_st7735.o
 .debug_abbrev  0x00003d01      0x1cc csrc/ucg_dev_msg_api.o
 .debug_abbrev  0x00003ecd      0x181 csrc/ucg_dev_tft_128x160_st7735.o
 .debug_abbrev  0x0000404e      0x36f csrc/ucg_font.o
 .debug_abbrev  0x000043bd      0x19a csrc/ucg_init.o
 .debug_abbrev  0x00004557      0x1de csrc/ucg_line.o
 .debug_abbrev  0x00004735      0x16b csrc/ucg_pixel.o
 .debug_abbrev  0x000048a0       0x88 csrc/ucg_pixel_font_data.o
 .debug_abbrev  0x00004928      0x20c csrc/ucg_rotate.o
 .debug_abbrev  0x00004b34      0x25a main.o
 .debug_abbrev  0x00004d8e      0x31f ucglib_xmega_hal.o

.debug_line     0x00000000     0x3678
 *(.debug_line .debug_line.* .debug_line_end)
 .debug_line    0x00000000      0x39d C:/Program Files (x86)/Atmel/Studio/7.0/Packs/atmel/XMEGAA_DFP/1.1.68/gcc/dev/atxmega256a3u/avrxmega6/crtatxmega256a3u.o
 .debug_line    0x0000039d      0x29f clock.o
 .debug_line    0x0000063c      0x31b csrc/ucg_box.o
 .debug_line    0x00000957      0x162 csrc/ucg_ccs.o
 .debug_line    0x00000ab9      0x2ff csrc/ucg_clip.o
 .debug_line    0x00000db8      0x42e csrc/ucg_com_msg_api.o
 .debug_line    0x000011e6      0x37b csrc/ucg_dev_default_cb.o
 .debug_line    0x00001561      0x41b csrc/ucg_dev_ic_st7735.o
 .debug_line    0x0000197c      0x1da csrc/ucg_dev_msg_api.o
 .debug_line    0x00001b56       0xfa csrc/ucg_dev_tft_128x160_st7735.o
 .debug_line    0x00001c50      0x9ab csrc/ucg_font.o
 .debug_line    0x000025fb      0x127 csrc/ucg_init.o
 .debug_line    0x00002722      0x2e3 csrc/ucg_line.o
 .debug_line    0x00002a05       0xf8 csrc/ucg_pixel.o
 .debug_line    0x00002afd       0xa6 csrc/ucg_pixel_font_data.o
 .debug_line    0x00002ba3      0x323 csrc/ucg_rotate.o
 .debug_line    0x00002ec6      0x346 main.o
 .debug_line    0x0000320c      0x46c ucglib_xmega_hal.o

.debug_frame    0x00000000     0x12fc
 *(.debug_frame)
 .debug_frame   0x00000000       0x84 clock.o
 .debug_frame   0x00000084      0x20c csrc/ucg_box.o
 .debug_frame   0x00000290       0x60 csrc/ucg_ccs.o
 .debug_frame   0x000002f0       0xec csrc/ucg_clip.o
 .debug_frame   0x000003dc      0x1e4 csrc/ucg_com_msg_api.o
 .debug_frame   0x000005c0      0x17c csrc/ucg_dev_default_cb.o
 .debug_frame   0x0000073c      0x12c csrc/ucg_dev_ic_st7735.o
 .debug_frame   0x00000868       0xf4 csrc/ucg_dev_msg_api.o
 .debug_frame   0x0000095c       0x30 csrc/ucg_dev_tft_128x160_st7735.o
 .debug_frame   0x0000098c      0x420 csrc/ucg_font.o
 .debug_frame   0x00000dac       0x5c csrc/ucg_init.o
 .debug_frame   0x00000e08       0xec csrc/ucg_line.o
 .debug_frame   0x00000ef4       0x3c csrc/ucg_pixel.o
 .debug_frame   0x00000f30       0xf0 csrc/ucg_rotate.o
 .debug_frame   0x00001020      0x200 main.o
 .debug_frame   0x00001220       0xdc ucglib_xmega_hal.o

.debug_str      0x00000000     0x661b
 *(.debug_str)
 .debug_str     0x00000000     0x223b C:/Program Files (x86)/Atmel/Studio/7.0/Packs/atmel/XMEGAA_DFP/1.1.68/gcc/dev/atxmega256a3u/avrxmega6/crtatxmega256a3u.o
 .debug_str     0x0000223b      0x504 clock.o
                                0x545 (size before relaxing)
 .debug_str     0x0000273f      0x460 csrc/ucg_box.o
                                0x678 (size before relaxing)
 .debug_str     0x00002b9f       0x25 csrc/ucg_ccs.o
                                0x1e4 (size before relaxing)
 .debug_str     0x00002bc4       0x9c csrc/ucg_clip.o
                                0x61c (size before relaxing)
 .debug_str     0x00002c60      0x237 csrc/ucg_com_msg_api.o
                                0x7c3 (size before relaxing)
 .debug_str     0x00002e97       0x96 csrc/ucg_dev_default_cb.o
                                0x667 (size before relaxing)
 .debug_str     0x00002f2d      0x12c csrc/ucg_dev_ic_st7735.o
                                0x79f (size before relaxing)
 .debug_str     0x00003059       0x9c csrc/ucg_dev_msg_api.o
                                0x638 (size before relaxing)
 .debug_str     0x000030f5       0x5f csrc/ucg_dev_tft_128x160_st7735.o
                                0x60f (size before relaxing)
 .debug_str     0x00003154      0x3f0 csrc/ucg_font.o
                                0x9ad (size before relaxing)
 .debug_str     0x00003544       0x3f csrc/ucg_init.o
                                0x5e6 (size before relaxing)
 .debug_str     0x00003583       0x59 csrc/ucg_line.o
                                0x636 (size before relaxing)
 .debug_str     0x000035dc       0x22 csrc/ucg_pixel.o
                                0x5b7 (size before relaxing)
 .debug_str     0x000035fe     0x24bd csrc/ucg_pixel_font_data.o
                               0x2636 (size before relaxing)
 .debug_str     0x00005abb       0xce csrc/ucg_rotate.o
                                0x66b (size before relaxing)
 .debug_str     0x00005b89      0x886 main.o
                                0xe8a (size before relaxing)
 .debug_str     0x0000640f      0x20c ucglib_xmega_hal.o
                                0x8aa (size before relaxing)

.debug_loc      0x00000000     0x7ca3
 *(.debug_loc)
 .debug_loc     0x00000000     0x1080 csrc/ucg_box.o
 .debug_loc     0x00001080      0x176 csrc/ucg_ccs.o
 .debug_loc     0x000011f6      0x442 csrc/ucg_clip.o
 .debug_loc     0x00001638     0x1102 csrc/ucg_com_msg_api.o
 .debug_loc     0x0000273a      0xad2 csrc/ucg_dev_default_cb.o
 .debug_loc     0x0000320c      0x78a csrc/ucg_dev_ic_st7735.o
 .debug_loc     0x00003996      0x395 csrc/ucg_dev_msg_api.o
 .debug_loc     0x00003d2b      0x189 csrc/ucg_dev_tft_128x160_st7735.o
 .debug_loc     0x00003eb4     0x1ed7 csrc/ucg_font.o
 .debug_loc     0x00005d8b      0x1b3 csrc/ucg_init.o
 .debug_loc     0x00005f3e      0xa90 csrc/ucg_line.o
 .debug_loc     0x000069ce       0xe4 csrc/ucg_pixel.o
 .debug_loc     0x00006ab2      0x896 csrc/ucg_rotate.o
 .debug_loc     0x00007348      0x51a main.o
 .debug_loc     0x00007862      0x441 ucglib_xmega_hal.o

.debug_macinfo
 *(.debug_macinfo)

.debug_weaknames
 *(.debug_weaknames)

.debug_funcnames
 *(.debug_funcnames)

.debug_typenames
 *(.debug_typenames)

.debug_varnames
 *(.debug_varnames)

.debug_pubtypes
 *(.debug_pubtypes)

.debug_ranges   0x00000000      0x518
 *(.debug_ranges)
 .debug_ranges  0x00000000       0x40 clock.o
 .debug_ranges  0x00000040       0x38 csrc/ucg_box.o
 .debug_ranges  0x00000078       0x20 csrc/ucg_ccs.o
 .debug_ranges  0x00000098       0x40 csrc/ucg_clip.o
 .debug_ranges  0x000000d8       0x88 csrc/ucg_com_msg_api.o
 .debug_ranges  0x00000160       0x38 csrc/ucg_dev_default_cb.o
 .debug_ranges  0x00000198       0x30 csrc/ucg_dev_ic_st7735.o
 .debug_ranges  0x000001c8       0x50 csrc/ucg_dev_msg_api.o
 .debug_ranges  0x00000218       0x10 csrc/ucg_dev_tft_128x160_st7735.o
 .debug_ranges  0x00000228      0x1a8 csrc/ucg_font.o
 .debug_ranges  0x000003d0       0x18 csrc/ucg_init.o
 .debug_ranges  0x000003e8       0x38 csrc/ucg_line.o
 .debug_ranges  0x00000420       0x18 csrc/ucg_pixel.o
 .debug_ranges  0x00000438       0x40 csrc/ucg_rotate.o
 .debug_ranges  0x00000478       0x40 main.o
 .debug_ranges  0x000004b8       0x60 ucglib_xmega_hal.o

.debug_macro
 *(.debug_macro)
OUTPUT(lcd.elf elf32-avr)
LOAD linker stubs
